Component: ARM Compiler 5.06 update 7 (build 960) Tool: armlink [4d3601]

==============================================================================

Section Cross References

    startup_stm32g071xx.o(STACK) refers (Special) to heapauxi.o(.text) for __use_two_region_memory
    startup_stm32g071xx.o(HEAP) refers (Special) to heapauxi.o(.text) for __use_two_region_memory
    startup_stm32g071xx.o(RESET) refers (Special) to heapauxi.o(.text) for __use_two_region_memory
    startup_stm32g071xx.o(RESET) refers to startup_stm32g071xx.o(STACK) for __initial_sp
    startup_stm32g071xx.o(RESET) refers to startup_stm32g071xx.o(.text) for Reset_Handler
    startup_stm32g071xx.o(RESET) refers to stm32g0xx_it.o(i.NMI_Handler) for NMI_Handler
    startup_stm32g071xx.o(RESET) refers to stm32g0xx_it.o(i.HardFault_Handler) for HardFault_Handler
    startup_stm32g071xx.o(RESET) refers to stm32g0xx_it.o(i.SVC_Handler) for SVC_Handler
    startup_stm32g071xx.o(RESET) refers to stm32g0xx_it.o(i.PendSV_Handler) for PendSV_Handler
    startup_stm32g071xx.o(RESET) refers to stm32g0xx_it.o(i.SysTick_Handler) for SysTick_Handler
    startup_stm32g071xx.o(RESET) refers to stm32g0xx_it.o(i.EXTI0_1_IRQHandler) for EXTI0_1_IRQHandler
    startup_stm32g071xx.o(RESET) refers to stm32g0xx_it.o(i.EXTI4_15_IRQHandler) for EXTI4_15_IRQHandler
    startup_stm32g071xx.o(.text) refers (Special) to heapauxi.o(.text) for __use_two_region_memory
    startup_stm32g071xx.o(.text) refers to system_stm32g0xx.o(i.SystemInit) for SystemInit
    startup_stm32g071xx.o(.text) refers to __main.o(!!!main) for __main
    startup_stm32g071xx.o(.text) refers to startup_stm32g071xx.o(HEAP) for Heap_Mem
    startup_stm32g071xx.o(.text) refers to startup_stm32g071xx.o(STACK) for Stack_Mem
    main.o(i.Get_Flow_Sensor_Rate) refers to aeabi_sdiv.o(.text) for __aeabi_uidivmod
    main.o(i.Get_Flow_Sensor_Rate) refers to main.o(.data) for .data
    main.o(i.HAL_GPIO_EXTI_Rising_Callback) refers to main.o(.data) for .data
    main.o(i.MX_GPIO_Init) refers to rt_memclr.o(.text) for __aeabi_memclr4
    main.o(i.MX_GPIO_Init) refers to stm32g0xx_hal_gpio.o(i.HAL_GPIO_WritePin) for HAL_GPIO_WritePin
    main.o(i.MX_GPIO_Init) refers to stm32g0xx_hal_gpio.o(i.HAL_GPIO_Init) for HAL_GPIO_Init
    main.o(i.MX_GPIO_Init) refers to stm32g0xx_hal_cortex.o(i.HAL_NVIC_SetPriority) for HAL_NVIC_SetPriority
    main.o(i.MX_GPIO_Init) refers to stm32g0xx_hal_cortex.o(i.HAL_NVIC_EnableIRQ) for HAL_NVIC_EnableIRQ
    main.o(i.MX_TIM14_Init) refers to rt_memclr.o(.text) for __aeabi_memclr4
    main.o(i.MX_TIM14_Init) refers to stm32g0xx_hal_tim.o(i.HAL_TIM_Base_Init) for HAL_TIM_Base_Init
    main.o(i.MX_TIM14_Init) refers to stm32g0xx_hal_tim.o(i.HAL_TIM_PWM_Init) for HAL_TIM_PWM_Init
    main.o(i.MX_TIM14_Init) refers to stm32g0xx_hal_tim.o(i.HAL_TIM_PWM_ConfigChannel) for HAL_TIM_PWM_ConfigChannel
    main.o(i.MX_TIM14_Init) refers to stm32g0xx_hal_msp.o(i.HAL_TIM_MspPostInit) for HAL_TIM_MspPostInit
    main.o(i.MX_TIM14_Init) refers to main.o(.bss) for .bss
    main.o(i.MX_TIM15_Init) refers to rt_memclr.o(.text) for __aeabi_memclr4
    main.o(i.MX_TIM15_Init) refers to stm32g0xx_hal_tim.o(i.HAL_TIM_PWM_Init) for HAL_TIM_PWM_Init
    main.o(i.MX_TIM15_Init) refers to stm32g0xx_hal_tim_ex.o(i.HAL_TIMEx_MasterConfigSynchronization) for HAL_TIMEx_MasterConfigSynchronization
    main.o(i.MX_TIM15_Init) refers to stm32g0xx_hal_tim.o(i.HAL_TIM_PWM_ConfigChannel) for HAL_TIM_PWM_ConfigChannel
    main.o(i.MX_TIM15_Init) refers to stm32g0xx_hal_tim_ex.o(i.HAL_TIMEx_ConfigBreakDeadTime) for HAL_TIMEx_ConfigBreakDeadTime
    main.o(i.MX_TIM15_Init) refers to stm32g0xx_hal_msp.o(i.HAL_TIM_MspPostInit) for HAL_TIM_MspPostInit
    main.o(i.MX_TIM15_Init) refers to main.o(.bss) for .bss
    main.o(i.MX_TIM2_Init) refers to rt_memclr.o(.text) for __aeabi_memclr4
    main.o(i.MX_TIM2_Init) refers to stm32g0xx_hal_tim.o(i.HAL_TIM_PWM_Init) for HAL_TIM_PWM_Init
    main.o(i.MX_TIM2_Init) refers to stm32g0xx_hal_tim_ex.o(i.HAL_TIMEx_MasterConfigSynchronization) for HAL_TIMEx_MasterConfigSynchronization
    main.o(i.MX_TIM2_Init) refers to stm32g0xx_hal_tim.o(i.HAL_TIM_PWM_ConfigChannel) for HAL_TIM_PWM_ConfigChannel
    main.o(i.MX_TIM2_Init) refers to stm32g0xx_hal_msp.o(i.HAL_TIM_MspPostInit) for HAL_TIM_MspPostInit
    main.o(i.MX_TIM2_Init) refers to main.o(.bss) for .bss
    main.o(i.MX_TIM3_Init) refers to rt_memclr.o(.text) for __aeabi_memclr4
    main.o(i.MX_TIM3_Init) refers to stm32g0xx_hal_tim.o(i.HAL_TIM_PWM_Init) for HAL_TIM_PWM_Init
    main.o(i.MX_TIM3_Init) refers to stm32g0xx_hal_tim_ex.o(i.HAL_TIMEx_MasterConfigSynchronization) for HAL_TIMEx_MasterConfigSynchronization
    main.o(i.MX_TIM3_Init) refers to stm32g0xx_hal_tim.o(i.HAL_TIM_PWM_ConfigChannel) for HAL_TIM_PWM_ConfigChannel
    main.o(i.MX_TIM3_Init) refers to stm32g0xx_hal_msp.o(i.HAL_TIM_MspPostInit) for HAL_TIM_MspPostInit
    main.o(i.MX_TIM3_Init) refers to main.o(.bss) for .bss
[...]
    libshutdown.o(.ARM.Collect$$libshutdown$$00000000) refers (Special) to libshutdown2.o(.ARM.Collect$$libshutdown$$00000012) for __rt_lib_shutdown_return
    libshutdown.o(.ARM.Collect$$libshutdown$$00000000) refers (Special) to libshutdown2.o(.ARM.Collect$$libshutdown$$0000000C) for __rt_lib_shutdown_signal_1
    libshutdown.o(.ARM.Collect$$libshutdown$$00000000) refers (Special) to libshutdown2.o(.ARM.Collect$$libshutdown$$00000006) for __rt_lib_shutdown_stdio_1
    libshutdown.o(.ARM.Collect$$libshutdown$$00000000) refers (Special) to libshutdown2.o(.ARM.Collect$$libshutdown$$0000000E) for __rt_lib_shutdown_user_alloc_1
    sys_command.o(.text) refers (Special) to use_no_semi.o(.text) for __I$use$semihosting
    sys_command.o(.text) refers (Special) to indicate_semi.o(.text) for __semihosting_library_function
    defsig_abrt_inner.o(.text) refers to defsig_general.o(.text) for __default_signal_display
    defsig_rtred_inner.o(.text) refers to defsig_general.o(.text) for __default_signal_display
    defsig_rtmem_inner.o(.text) refers to defsig_general.o(.text) for __default_signal_display
    defsig_rtmem_outer.o(.text) refers to defsig_rtmem_inner.o(.text) for __rt_SIGRTMEM_inner
    defsig_rtmem_outer.o(.text) refers to defsig_exit.o(.text) for __sig_exit
    defsig_rtmem_formal.o(.text) refers to rt_raise.o(.text) for __rt_raise
    defsig_stak_inner.o(.text) refers to defsig_general.o(.text) for __default_signal_display
    defsig_pvfn_inner.o(.text) refers to defsig_general.o(.text) for __default_signal_display
    defsig_cppl_inner.o(.text) refers to defsig_general.o(.text) for __default_signal_display
    defsig_segv_inner.o(.text) refers to defsig_general.o(.text) for __default_signal_display
    defsig_other.o(.text) refers to defsig_general.o(.text) for __default_signal_display


==============================================================================

Removing Unused input sections from the image.

    Removing main.o(.rev16_text), (4 bytes).
    Removing main.o(.revsh_text), (4 bytes).
    Removing stm32g0xx_it.o(.rev16_text), (4 bytes).
    Removing stm32g0xx_it.o(.revsh_text), (4 bytes).
    Removing stm32g0xx_hal_msp.o(.rev16_text), (4 bytes).
    Removing stm32g0xx_hal_msp.o(.revsh_text), (4 bytes).
    Removing stm32g0xx_hal_msp.o(i.HAL_TIM_Base_MspDeInit), (32 bytes).
    Removing stm32g0xx_hal_msp.o(i.HAL_TIM_PWM_MspDeInit), (72 bytes).
    Removing stm32g0xx_hal_tim.o(.rev16_text), (4 bytes).
    Removing stm32g0xx_hal_tim.o(.revsh_text), (4 bytes).
    Removing stm32g0xx_hal_tim.o(i.HAL_TIM_Base_DeInit), (84 bytes).
    Removing stm32g0xx_hal_tim.o(i.HAL_TIM_Base_GetState), (6 bytes).
    Removing stm32g0xx_hal_tim.o(i.HAL_TIM_Base_MspDeInit), (2 bytes).
    Removing stm32g0xx_hal_tim.o(i.HAL_TIM_Base_MspInit), (2 bytes).
    Removing stm32g0xx_hal_tim.o(i.HAL_TIM_Base_Start), (88 bytes).
    Removing stm32g0xx_hal_tim.o(i.HAL_TIM_Base_Start_DMA), (172 bytes).
    Removing stm32g0xx_hal_tim.o(i.HAL_TIM_Base_Start_IT), (96 bytes).
    Removing stm32g0xx_hal_tim.o(i.HAL_TIM_Base_Stop), (40 bytes).
    Removing stm32g0xx_hal_tim.o(i.HAL_TIM_Base_Stop_DMA), (64 bytes).
    Removing stm32g0xx_hal_tim.o(i.HAL_TIM_Base_Stop_IT), (52 bytes).
    Removing stm32g0xx_hal_tim.o(i.HAL_TIM_ConfigClockSource), (224 bytes).
    Removing stm32g0xx_hal_tim.o(i.HAL_TIM_ConfigOCrefClear), (312 bytes).
    Removing stm32g0xx_hal_tim.o(i.HAL_TIM_ConfigTI1Input), (16 bytes).
    Removing stm32g0xx_hal_tim.o(i.HAL_TIM_DMABurstState), (6 bytes).
    Removing stm32g0xx_hal_tim.o(i.HAL_TIM_DMABurst_MultiReadStart), (332 bytes).
    Removing stm32g0xx_hal_tim.o(i.HAL_TIM_DMABurst_MultiWriteStart), (332 bytes).
    Removing stm32g0xx_hal_tim.o(i.HAL_TIM_DMABurst_ReadStart), (18 bytes).
    Removing stm32g0xx_hal_tim.o(i.HAL_TIM_DMABurst_ReadStop), (112 bytes).
    Removing stm32g0xx_hal_tim.o(i.HAL_TIM_DMABurst_WriteStart), (18 bytes).
    Removing stm32g0xx_hal_tim.o(i.HAL_TIM_DMABurst_WriteStop), (112 bytes).
    Removing stm32g0xx_hal_tim.o(i.HAL_TIM_Encoder_DeInit), (68 bytes).
    Removing stm32g0xx_hal_tim.o(i.HAL_TIM_Encoder_GetState), (6 bytes).
    Removing stm32g0xx_hal_tim.o(i.HAL_TIM_Encoder_Init), (168 bytes).
    Removing stm32g0xx_hal_tim.o(i.HAL_TIM_Encoder_MspDeInit), (2 bytes).
    Removing stm32g0xx_hal_tim.o(i.HAL_TIM_Encoder_MspInit), (2 bytes).
    Removing stm32g0xx_hal_tim.o(i.HAL_TIM_Encoder_Start), (130 bytes).
    Removing stm32g0xx_hal_tim.o(i.HAL_TIM_Encoder_Start_DMA), (424 bytes).
    Removing stm32g0xx_hal_tim.o(i.HAL_TIM_Encoder_Start_IT), (168 bytes).
    Removing stm32g0xx_hal_tim.o(i.HAL_TIM_Encoder_Stop), (108 bytes).
    Removing stm32g0xx_hal_tim.o(i.HAL_TIM_Encoder_Stop_DMA), (176 bytes).
    Removing stm32g0xx_hal_tim.o(i.HAL_TIM_Encoder_Stop_IT), (148 bytes).
    Removing stm32g0xx_hal_tim.o(i.HAL_TIM_ErrorCallback), (2 bytes).
    Removing stm32g0xx_hal_tim.o(i.HAL_TIM_GenerateEvent), (36 bytes).
    Removing stm32g0xx_hal_tim.o(i.HAL_TIM_GetActiveChannel), (4 bytes).
    Removing stm32g0xx_hal_tim.o(i.HAL_TIM_GetChannelState), (50 bytes).
    Removing stm32g0xx_hal_tim.o(i.HAL_TIM_IC_CaptureCallback), (2 bytes).
    Removing stm32g0xx_hal_tim.o(i.HAL_TIM_IC_CaptureHalfCpltCallback), (2 bytes).
    Removing stm32g0xx_hal_tim.o(i.HAL_TIM_IC_ConfigChannel), (294 bytes).
    Removing stm32g0xx_hal_tim.o(i.HAL_TIM_IC_DeInit), (84 bytes).
    Removing stm32g0xx_hal_tim.o(i.HAL_TIM_IC_GetState), (6 bytes).
    Removing stm32g0xx_hal_tim.o(i.HAL_TIM_IC_Init), (76 bytes).
    Removing stm32g0xx_hal_tim.o(i.HAL_TIM_IC_MspDeInit), (2 bytes).
    Removing stm32g0xx_hal_tim.o(i.HAL_TIM_IC_MspInit), (2 bytes).
    Removing stm32g0xx_hal_tim.o(i.HAL_TIM_IC_Start), (208 bytes).
    Removing stm32g0xx_hal_tim.o(i.HAL_TIM_IC_Start_DMA), (440 bytes).
    Removing stm32g0xx_hal_tim.o(i.HAL_TIM_IC_Start_IT), (248 bytes).
    Removing stm32g0xx_hal_tim.o(i.HAL_TIM_IC_Stop), (108 bytes).
    Removing stm32g0xx_hal_tim.o(i.HAL_TIM_IC_Stop_DMA), (196 bytes).
    Removing stm32g0xx_hal_tim.o(i.HAL_TIM_IC_Stop_IT), (164 bytes).
    Removing stm32g0xx_hal_tim.o(i.HAL_TIM_IRQHandler), (388 bytes).
    Removing stm32g0xx_hal_tim.o(i.HAL_TIM_OC_ConfigChannel), (108 bytes).
    Removing stm32g0xx_hal_tim.o(i.HAL_TIM_OC_DeInit), (84 bytes).
    Removing stm32g0xx_hal_tim.o(i.HAL_TIM_OC_DelayElapsedCallback), (2 bytes).
    Removing stm32g0xx_hal_tim.o(i.HAL_TIM_OC_GetState), (6 bytes).
    Removing stm32g0xx_hal_tim.o(i.HAL_TIM_OC_Init), (76 bytes).
    Removing stm32g0xx_hal_tim.o(i.HAL_TIM_OC_MspDeInit), (2 bytes).
    Removing stm32g0xx_hal_tim.o(i.HAL_TIM_OC_MspInit), (2 bytes).
    Removing stm32g0xx_hal_tim.o(i.HAL_TIM_OC_Start), (212 bytes).
    Removing stm32g0xx_hal_tim.o(i.HAL_TIM_OC_Start_DMA), (468 bytes).
    Removing stm32g0xx_hal_tim.o(i.HAL_TIM_OC_Start_IT), (252 bytes).
    Removing stm32g0xx_hal_tim.o(i.HAL_TIM_OC_Stop), (164 bytes).
    Removing stm32g0xx_hal_tim.o(i.HAL_TIM_OC_Stop_DMA), (252 bytes).
    Removing stm32g0xx_hal_tim.o(i.HAL_TIM_OC_Stop_IT), (220 bytes).
    Removing stm32g0xx_hal_tim.o(i.HAL_TIM_OnePulse_ConfigChannel), (232 bytes).
    Removing stm32g0xx_hal_tim.o(i.HAL_TIM_OnePulse_DeInit), (68 bytes).
    Removing stm32g0xx_hal_tim.o(i.HAL_TIM_OnePulse_GetState), (6 bytes).
    Removing stm32g0xx_hal_tim.o(i.HAL_TIM_OnePulse_Init), (84 bytes).
    Removing stm32g0xx_hal_tim.o(i.HAL_TIM_OnePulse_MspDeInit), (2 bytes).
    Removing stm32g0xx_hal_tim.o(i.HAL_TIM_OnePulse_MspInit), (2 bytes).
    Removing stm32g0xx_hal_tim.o(i.HAL_TIM_OnePulse_Start), (124 bytes).
    Removing stm32g0xx_hal_tim.o(i.HAL_TIM_OnePulse_Start_IT), (144 bytes).
    Removing stm32g0xx_hal_tim.o(i.HAL_TIM_OnePulse_Stop), (140 bytes).
    Removing stm32g0xx_hal_tim.o(i.HAL_TIM_OnePulse_Stop_IT), (160 bytes).
    Removing stm32g0xx_hal_tim.o(i.HAL_TIM_PWM_DeInit), (84 bytes).
    Removing stm32g0xx_hal_tim.o(i.HAL_TIM_PWM_GetState), (6 bytes).
    Removing stm32g0xx_hal_tim.o(i.HAL_TIM_PWM_MspDeInit), (2 bytes).
    Removing stm32g0xx_hal_tim.o(i.HAL_TIM_PWM_MspInit), (2 bytes).
    Removing stm32g0xx_hal_tim.o(i.HAL_TIM_PWM_PulseFinishedCallback), (2 bytes).
    Removing stm32g0xx_hal_tim.o(i.HAL_TIM_PWM_PulseFinishedHalfCpltCallback), (2 bytes).
    Removing stm32g0xx_hal_tim.o(i.HAL_TIM_PWM_Start_DMA), (468 bytes).
    Removing stm32g0xx_hal_tim.o(i.HAL_TIM_PWM_Start_IT), (252 bytes).
    Removing stm32g0xx_hal_tim.o(i.HAL_TIM_PWM_Stop), (164 bytes).
    Removing stm32g0xx_hal_tim.o(i.HAL_TIM_PWM_Stop_DMA), (252 bytes).
    Removing stm32g0xx_hal_tim.o(i.HAL_TIM_PWM_Stop_IT), (220 bytes).
    Removing stm32g0xx_hal_tim.o(i.HAL_TIM_PeriodElapsedCallback), (2 bytes).
    Removing stm32g0xx_hal_tim.o(i.HAL_TIM_PeriodElapsedHalfCpltCallback), (2 bytes).
    Removing stm32g0xx_hal_tim.o(i.HAL_TIM_ReadCapturedValue), (44 bytes).
    Removing stm32g0xx_hal_tim.o(i.HAL_TIM_SlaveConfigSynchro), (76 bytes).
    Removing stm32g0xx_hal_tim.o(i.HAL_TIM_SlaveConfigSynchro_IT), (76 bytes).
    Removing stm32g0xx_hal_tim.o(i.HAL_TIM_TriggerCallback), (2 bytes).
    Removing stm32g0xx_hal_tim.o(i.HAL_TIM_TriggerHalfCpltCallback), (2 bytes).
    Removing stm32g0xx_hal_tim.o(i.TIM_DMACaptureCplt), (118 bytes).
    Removing stm32g0xx_hal_tim.o(i.TIM_DMACaptureHalfCplt), (56 bytes).
    Removing stm32g0xx_hal_tim.o(i.TIM_DMADelayPulseCplt), (102 bytes).
    Removing stm32g0xx_hal_tim.o(i.TIM_DMADelayPulseHalfCplt), (56 bytes).
    Removing stm32g0xx_hal_tim.o(i.TIM_DMAError), (84 bytes).
    Removing stm32g0xx_hal_tim.o(i.TIM_DMAPeriodElapsedCplt), (24 bytes).
    Removing stm32g0xx_hal_tim.o(i.TIM_DMAPeriodElapsedHalfCplt), (10 bytes).
    Removing stm32g0xx_hal_tim.o(i.TIM_DMATriggerCplt), (24 bytes).
    Removing stm32g0xx_hal_tim.o(i.TIM_DMATriggerHalfCplt), (10 bytes).
    Removing stm32g0xx_hal_tim.o(i.TIM_ETR_SetConfig), (22 bytes).
    Removing stm32g0xx_hal_tim.o(i.TIM_ITRx_SetConfig), (20 bytes).
    Removing stm32g0xx_hal_tim.o(i.TIM_SlaveTimer_SetConfig), (148 bytes).
    Removing stm32g0xx_hal_tim.o(i.TIM_TI1_ConfigInputStage), (34 bytes).
    Removing stm32g0xx_hal_tim.o(i.TIM_TI1_SetConfig), (88 bytes).
    Removing stm32g0xx_hal_tim.o(i.TIM_TI2_ConfigInputStage), (38 bytes).
    Removing stm32g0xx_hal_tim.o(i.TIM_TI2_SetConfig), (52 bytes).
    Removing stm32g0xx_hal_tim_ex.o(.rev16_text), (4 bytes).
    Removing stm32g0xx_hal_tim_ex.o(.revsh_text), (4 bytes).
    Removing stm32g0xx_hal_tim_ex.o(i.HAL_TIMEx_Break2Callback), (2 bytes).
    Removing stm32g0xx_hal_tim_ex.o(i.HAL_TIMEx_BreakCallback), (2 bytes).
    Removing stm32g0xx_hal_tim_ex.o(i.HAL_TIMEx_CommutCallback), (2 bytes).
    Removing stm32g0xx_hal_tim_ex.o(i.HAL_TIMEx_CommutHalfCpltCallback), (2 bytes).
    Removing stm32g0xx_hal_tim_ex.o(i.HAL_TIMEx_ConfigBreakInput), (160 bytes).
    Removing stm32g0xx_hal_tim_ex.o(i.HAL_TIMEx_ConfigCommutEvent), (112 bytes).
    Removing stm32g0xx_hal_tim_ex.o(i.HAL_TIMEx_ConfigCommutEvent_DMA), (144 bytes).
    Removing stm32g0xx_hal_tim_ex.o(i.HAL_TIMEx_ConfigCommutEvent_IT), (112 bytes).
    Removing stm32g0xx_hal_tim_ex.o(i.HAL_TIMEx_DisarmBreakInput), (68 bytes).
    Removing stm32g0xx_hal_tim_ex.o(i.HAL_TIMEx_GetChannelNState), (30 bytes).
    Removing stm32g0xx_hal_tim_ex.o(i.HAL_TIMEx_GroupChannel5), (50 bytes).
    Removing stm32g0xx_hal_tim_ex.o(i.HAL_TIMEx_HallSensor_DeInit), (68 bytes).
    Removing stm32g0xx_hal_tim_ex.o(i.HAL_TIMEx_HallSensor_GetState), (6 bytes).
    Removing stm32g0xx_hal_tim_ex.o(i.HAL_TIMEx_HallSensor_Init), (208 bytes).
    Removing stm32g0xx_hal_tim_ex.o(i.HAL_TIMEx_HallSensor_MspDeInit), (2 bytes).
    Removing stm32g0xx_hal_tim_ex.o(i.HAL_TIMEx_HallSensor_MspInit), (2 bytes).
    Removing stm32g0xx_hal_tim_ex.o(i.HAL_TIMEx_HallSensor_Start), (128 bytes).
    Removing stm32g0xx_hal_tim_ex.o(i.HAL_TIMEx_HallSensor_Start_DMA), (200 bytes).
    Removing stm32g0xx_hal_tim_ex.o(i.HAL_TIMEx_HallSensor_Start_IT), (136 bytes).
    Removing stm32g0xx_hal_tim_ex.o(i.HAL_TIMEx_HallSensor_Stop), (64 bytes).
    Removing stm32g0xx_hal_tim_ex.o(i.HAL_TIMEx_HallSensor_Stop_DMA), (76 bytes).
    Removing stm32g0xx_hal_tim_ex.o(i.HAL_TIMEx_HallSensor_Stop_IT), (76 bytes).
    Removing stm32g0xx_hal_tim_ex.o(i.HAL_TIMEx_OCN_Start), (156 bytes).
    Removing stm32g0xx_hal_tim_ex.o(i.HAL_TIMEx_OCN_Start_DMA), (348 bytes).
    Removing stm32g0xx_hal_tim_ex.o(i.HAL_TIMEx_OCN_Start_IT), (192 bytes).
    Removing stm32g0xx_hal_tim_ex.o(i.HAL_TIMEx_OCN_Stop), (108 bytes).
    Removing stm32g0xx_hal_tim_ex.o(i.HAL_TIMEx_OCN_Stop_DMA), (176 bytes).
    Removing stm32g0xx_hal_tim_ex.o(i.HAL_TIMEx_OCN_Stop_IT), (168 bytes).
    Removing stm32g0xx_hal_tim_ex.o(i.HAL_TIMEx_OnePulseN_Start), (98 bytes).
    Removing stm32g0xx_hal_tim_ex.o(i.HAL_TIMEx_OnePulseN_Start_IT), (116 bytes).
    Removing stm32g0xx_hal_tim_ex.o(i.HAL_TIMEx_OnePulseN_Stop), (112 bytes).
    Removing stm32g0xx_hal_tim_ex.o(i.HAL_TIMEx_OnePulseN_Stop_IT), (132 bytes).
    Removing stm32g0xx_hal_tim_ex.o(i.HAL_TIMEx_PWMN_Start), (156 bytes).
    Removing stm32g0xx_hal_tim_ex.o(i.HAL_TIMEx_PWMN_Start_DMA), (348 bytes).
    Removing stm32g0xx_hal_tim_ex.o(i.HAL_TIMEx_PWMN_Start_IT), (192 bytes).
    Removing stm32g0xx_hal_tim_ex.o(i.HAL_TIMEx_PWMN_Stop), (108 bytes).
    Removing stm32g0xx_hal_tim_ex.o(i.HAL_TIMEx_PWMN_Stop_DMA), (176 bytes).
    Removing stm32g0xx_hal_tim_ex.o(i.HAL_TIMEx_PWMN_Stop_IT), (168 bytes).
    Removing stm32g0xx_hal_tim_ex.o(i.HAL_TIMEx_ReArmBreakInput), (112 bytes).
    Removing stm32g0xx_hal_tim_ex.o(i.HAL_TIMEx_RemapConfig), (40 bytes).
    Removing stm32g0xx_hal_tim_ex.o(i.HAL_TIMEx_TISelection), (82 bytes).
    Removing stm32g0xx_hal_tim_ex.o(i.TIMEx_DMACommutationCplt), (16 bytes).
    Removing stm32g0xx_hal_tim_ex.o(i.TIMEx_DMACommutationHalfCplt), (16 bytes).
    Removing stm32g0xx_hal_tim_ex.o(i.TIM_CCxNChannelCmd), (26 bytes).
    Removing stm32g0xx_hal_tim_ex.o(i.TIM_DMADelayPulseNCplt), (102 bytes).
    Removing stm32g0xx_hal_tim_ex.o(i.TIM_DMAErrorCCxN), (62 bytes).
    Removing stm32g0xx_hal_rcc.o(.rev16_text), (4 bytes).
    Removing stm32g0xx_hal_rcc.o(.revsh_text), (4 bytes).
    Removing stm32g0xx_hal_rcc.o(i.HAL_RCC_CSSCallback), (2 bytes).
    Removing stm32g0xx_hal_rcc.o(i.HAL_RCC_DeInit), (164 bytes).
    Removing stm32g0xx_hal_rcc.o(i.HAL_RCC_DisableLSECSS), (16 bytes).
    Removing stm32g0xx_hal_rcc.o(i.HAL_RCC_EnableCSS), (20 bytes).
    Removing stm32g0xx_hal_rcc.o(i.HAL_RCC_EnableLSECSS), (16 bytes).
    Removing stm32g0xx_hal_rcc.o(i.HAL_RCC_GetClockConfig), (56 bytes).
    Removing stm32g0xx_hal_rcc.o(i.HAL_RCC_GetHCLKFreq), (12 bytes).
    Removing stm32g0xx_hal_rcc.o(i.HAL_RCC_GetOscConfig), (188 bytes).
    Removing stm32g0xx_hal_rcc.o(i.HAL_RCC_GetPCLK1Freq), (40 bytes).
    Removing stm32g0xx_hal_rcc.o(i.HAL_RCC_GetResetSource), (24 bytes).
    Removing stm32g0xx_hal_rcc.o(i.HAL_RCC_LSECSSCallback), (2 bytes).
    Removing stm32g0xx_hal_rcc.o(i.HAL_RCC_MCOConfig), (80 bytes).
    Removing stm32g0xx_hal_rcc.o(i.HAL_RCC_NMI_IRQHandler), (36 bytes).
    Removing stm32g0xx_hal_rcc_ex.o(.rev16_text), (4 bytes).
    Removing stm32g0xx_hal_rcc_ex.o(.revsh_text), (4 bytes).
    Removing stm32g0xx_hal_rcc_ex.o(i.HAL_RCCEx_DisableLSCO), (92 bytes).
    Removing stm32g0xx_hal_rcc_ex.o(i.HAL_RCCEx_EnableLSCO), (140 bytes).
    Removing stm32g0xx_hal_rcc_ex.o(i.HAL_RCCEx_GetPeriphCLKConfig), (120 bytes).
    Removing stm32g0xx_hal_rcc_ex.o(i.HAL_RCCEx_GetPeriphCLKFreq), (668 bytes).
    Removing stm32g0xx_hal_flash.o(.rev16_text), (4 bytes).
    Removing stm32g0xx_hal_flash.o(.revsh_text), (4 bytes).
    Removing stm32g0xx_hal_flash.o(i.FLASH_Program_DoubleWord), (28 bytes).
    Removing stm32g0xx_hal_flash.o(i.FLASH_Program_Fast), (52 bytes).
    Removing stm32g0xx_hal_flash.o(i.FLASH_WaitForLastOperation), (100 bytes).
    Removing stm32g0xx_hal_flash.o(i.HAL_FLASH_EndOfOperationCallback), (2 bytes).
    Removing stm32g0xx_hal_flash.o(i.HAL_FLASH_GetError), (12 bytes).
    Removing stm32g0xx_hal_flash.o(i.HAL_FLASH_IRQHandler), (144 bytes).
    Removing stm32g0xx_hal_flash.o(i.HAL_FLASH_Lock), (28 bytes).
    Removing stm32g0xx_hal_flash.o(i.HAL_FLASH_OB_Launch), (20 bytes).
    Removing stm32g0xx_hal_flash.o(i.HAL_FLASH_OB_Lock), (28 bytes).
    Removing stm32g0xx_hal_flash.o(i.HAL_FLASH_OB_Unlock), (40 bytes).
    Removing stm32g0xx_hal_flash.o(i.HAL_FLASH_OperationErrorCallback), (2 bytes).
    Removing stm32g0xx_hal_flash.o(i.HAL_FLASH_Program), (96 bytes).
    Removing stm32g0xx_hal_flash.o(i.HAL_FLASH_Program_IT), (104 bytes).
    Removing stm32g0xx_hal_flash.o(i.HAL_FLASH_Unlock), (40 bytes).
    Removing stm32g0xx_hal_flash.o(.bss), (28 bytes).
    Removing stm32g0xx_hal_flash_ex.o(.rev16_text), (4 bytes).
    Removing stm32g0xx_hal_flash_ex.o(.revsh_text), (4 bytes).
    Removing stm32g0xx_hal_flash_ex.o(i.FLASH_FlushCaches), (44 bytes).
    Removing stm32g0xx_hal_flash_ex.o(i.FLASH_MassErase), (20 bytes).
    Removing stm32g0xx_hal_flash_ex.o(i.FLASH_OB_GetRDP), (24 bytes).
    Removing stm32g0xx_hal_flash_ex.o(i.FLASH_OB_GetUser), (20 bytes).
    Removing stm32g0xx_hal_flash_ex.o(i.FLASH_OB_OptrConfig), (24 bytes).
    Removing stm32g0xx_hal_flash_ex.o(i.FLASH_PageErase), (32 bytes).
    Removing stm32g0xx_hal_flash_ex.o(i.HAL_FLASHEx_DisableDebugger), (20 bytes).
    Removing stm32g0xx_hal_flash_ex.o(i.HAL_FLASHEx_EnableDebugger), (20 bytes).
    Removing stm32g0xx_hal_flash_ex.o(i.HAL_FLASHEx_EnableSecMemProtection), (16 bytes).
    Removing stm32g0xx_hal_flash_ex.o(i.HAL_FLASHEx_Erase), (136 bytes).
    Removing stm32g0xx_hal_flash_ex.o(i.HAL_FLASHEx_Erase_IT), (108 bytes).
    Removing stm32g0xx_hal_flash_ex.o(i.HAL_FLASHEx_FlashEmptyCheck), (16 bytes).
    Removing stm32g0xx_hal_flash_ex.o(i.HAL_FLASHEx_ForceFlashEmpty), (20 bytes).
    Removing stm32g0xx_hal_flash_ex.o(i.HAL_FLASHEx_OBGetConfig), (160 bytes).
    Removing stm32g0xx_hal_flash_ex.o(i.HAL_FLASHEx_OBProgram), (268 bytes).
    Removing stm32g0xx_hal_gpio.o(.rev16_text), (4 bytes).
    Removing stm32g0xx_hal_gpio.o(.revsh_text), (4 bytes).
    Removing stm32g0xx_hal_gpio.o(i.HAL_GPIO_DeInit), (212 bytes).
    Removing stm32g0xx_hal_gpio.o(i.HAL_GPIO_EXTI_Rising_Callback), (2 bytes).
    Removing stm32g0xx_hal_gpio.o(i.HAL_GPIO_LockPin), (36 bytes).
    Removing stm32g0xx_hal_gpio.o(i.HAL_GPIO_ReadPin), (10 bytes).
    Removing stm32g0xx_hal_gpio.o(i.HAL_GPIO_TogglePin), (16 bytes).
    Removing stm32g0xx_hal_dma.o(.rev16_text), (4 bytes).
    Removing stm32g0xx_hal_dma.o(.revsh_text), (4 bytes).
    Removing stm32g0xx_hal_dma.o(i.DMA_CalcDMAMUXChannelBaseAndMask), (48 bytes).
    Removing stm32g0xx_hal_dma.o(i.DMA_CalcDMAMUXRequestGenBaseAndMask), (40 bytes).
    Removing stm32g0xx_hal_dma.o(i.DMA_SetConfig), (72 bytes).
    Removing stm32g0xx_hal_dma.o(i.HAL_DMA_Abort), (116 bytes).
    Removing stm32g0xx_hal_dma.o(i.HAL_DMA_Abort_IT), (124 bytes).
    Removing stm32g0xx_hal_dma.o(i.HAL_DMA_DeInit), (132 bytes).
    Removing stm32g0xx_hal_dma.o(i.HAL_DMA_GetError), (4 bytes).
    Removing stm32g0xx_hal_dma.o(i.HAL_DMA_GetState), (6 bytes).
    Removing stm32g0xx_hal_dma.o(i.HAL_DMA_IRQHandler), (184 bytes).
    Removing stm32g0xx_hal_dma.o(i.HAL_DMA_Init), (164 bytes).
    Removing stm32g0xx_hal_dma.o(i.HAL_DMA_PollForTransfer), (272 bytes).
    Removing stm32g0xx_hal_dma.o(i.HAL_DMA_RegisterCallback), (72 bytes).
    Removing stm32g0xx_hal_dma.o(i.HAL_DMA_Start), (78 bytes).
    Removing stm32g0xx_hal_dma.o(i.HAL_DMA_Start_IT), (140 bytes).
    Removing stm32g0xx_hal_dma.o(i.HAL_DMA_UnRegisterCallback), (78 bytes).
    Removing stm32g0xx_hal_dma_ex.o(.rev16_text), (4 bytes).
    Removing stm32g0xx_hal_dma_ex.o(.revsh_text), (4 bytes).
    Removing stm32g0xx_hal_dma_ex.o(i.HAL_DMAEx_ConfigMuxRequestGenerator), (74 bytes).
    Removing stm32g0xx_hal_dma_ex.o(i.HAL_DMAEx_ConfigMuxSync), (80 bytes).
    Removing stm32g0xx_hal_dma_ex.o(i.HAL_DMAEx_DisableMuxRequestGenerator), (32 bytes).
    Removing stm32g0xx_hal_dma_ex.o(i.HAL_DMAEx_EnableMuxRequestGenerator), (32 bytes).
    Removing stm32g0xx_hal_dma_ex.o(i.HAL_DMAEx_MUX_IRQHandler), (104 bytes).
    Removing stm32g0xx_hal_pwr.o(.rev16_text), (4 bytes).
    Removing stm32g0xx_hal_pwr.o(.revsh_text), (4 bytes).
    Removing stm32g0xx_hal_pwr.o(i.HAL_PWR_DeInit), (24 bytes).
    Removing stm32g0xx_hal_pwr.o(i.HAL_PWR_DisableBkUpAccess), (16 bytes).
    Removing stm32g0xx_hal_pwr.o(i.HAL_PWR_DisableSEVOnPend), (16 bytes).
    Removing stm32g0xx_hal_pwr.o(i.HAL_PWR_DisableSleepOnExit), (16 bytes).
    Removing stm32g0xx_hal_pwr.o(i.HAL_PWR_DisableWakeUpPin), (20 bytes).
    Removing stm32g0xx_hal_pwr.o(i.HAL_PWR_EnableBkUpAccess), (16 bytes).
    Removing stm32g0xx_hal_pwr.o(i.HAL_PWR_EnableSEVOnPend), (16 bytes).
    Removing stm32g0xx_hal_pwr.o(i.HAL_PWR_EnableSleepOnExit), (16 bytes).
    Removing stm32g0xx_hal_pwr.o(i.HAL_PWR_EnableWakeUpPin), (28 bytes).
    Removing stm32g0xx_hal_pwr.o(i.HAL_PWR_EnterSLEEPMode), (68 bytes).
    Removing stm32g0xx_hal_pwr.o(i.HAL_PWR_EnterSTANDBYMode), (36 bytes).
    Removing stm32g0xx_hal_pwr.o(i.HAL_PWR_EnterSTOPMode), (64 bytes).
    Removing stm32g0xx_hal_pwr_ex.o(.rev16_text), (4 bytes).
    Removing stm32g0xx_hal_pwr_ex.o(.revsh_text), (4 bytes).
    Removing stm32g0xx_hal_pwr_ex.o(i.HAL_PWREx_ConfigPVD), (112 bytes).
    Removing stm32g0xx_hal_pwr_ex.o(i.HAL_PWREx_DisableBatteryCharging), (16 bytes).
    Removing stm32g0xx_hal_pwr_ex.o(i.HAL_PWREx_DisableFlashPowerDown), (16 bytes).
    Removing stm32g0xx_hal_pwr_ex.o(i.HAL_PWREx_DisableGPIOPullDown), (80 bytes).
    Removing stm32g0xx_hal_pwr_ex.o(i.HAL_PWREx_DisableGPIOPullUp), (80 bytes).
    Removing stm32g0xx_hal_pwr_ex.o(i.HAL_PWREx_DisableInternalWakeUpLine), (16 bytes).
    Removing stm32g0xx_hal_pwr_ex.o(i.HAL_PWREx_DisableLowPowerRunMode), (64 bytes).
    Removing stm32g0xx_hal_pwr_ex.o(i.HAL_PWREx_DisablePORMonitorSampling), (16 bytes).
    Removing stm32g0xx_hal_pwr_ex.o(i.HAL_PWREx_DisablePVD), (16 bytes).
    Removing stm32g0xx_hal_pwr_ex.o(i.HAL_PWREx_DisablePullUpPullDownConfig), (16 bytes).
    Removing stm32g0xx_hal_pwr_ex.o(i.HAL_PWREx_DisableSRAMRetention), (16 bytes).
    Removing stm32g0xx_hal_pwr_ex.o(i.HAL_PWREx_EnableBatteryCharging), (24 bytes).
    Removing stm32g0xx_hal_pwr_ex.o(i.HAL_PWREx_EnableFlashPowerDown), (16 bytes).
    Removing stm32g0xx_hal_pwr_ex.o(i.HAL_PWREx_EnableGPIOPullDown), (116 bytes).
    Removing stm32g0xx_hal_pwr_ex.o(i.HAL_PWREx_EnableGPIOPullUp), (116 bytes).
    Removing stm32g0xx_hal_pwr_ex.o(i.HAL_PWREx_EnableInternalWakeUpLine), (16 bytes).
    Removing stm32g0xx_hal_pwr_ex.o(i.HAL_PWREx_EnableLowPowerRunMode), (16 bytes).
    Removing stm32g0xx_hal_pwr_ex.o(i.HAL_PWREx_EnablePORMonitorSampling), (16 bytes).
    Removing stm32g0xx_hal_pwr_ex.o(i.HAL_PWREx_EnablePVD), (16 bytes).
    Removing stm32g0xx_hal_pwr_ex.o(i.HAL_PWREx_EnablePullUpPullDownConfig), (16 bytes).
    Removing stm32g0xx_hal_pwr_ex.o(i.HAL_PWREx_EnableSRAMRetention), (16 bytes).
    Removing stm32g0xx_hal_pwr_ex.o(i.HAL_PWREx_EnterSHUTDOWNMode), (36 bytes).
    Removing stm32g0xx_hal_pwr_ex.o(i.HAL_PWREx_GetVoltageRange), (16 bytes).
    Removing stm32g0xx_hal_pwr_ex.o(i.HAL_PWREx_PVD_Falling_Callback), (2 bytes).
    Removing stm32g0xx_hal_pwr_ex.o(i.HAL_PWREx_PVD_IRQHandler), (40 bytes).
    Removing stm32g0xx_hal_pwr_ex.o(i.HAL_PWREx_PVD_Rising_Callback), (2 bytes).
    Removing stm32g0xx_hal_cortex.o(.rev16_text), (4 bytes).
    Removing stm32g0xx_hal_cortex.o(.revsh_text), (4 bytes).
    Removing stm32g0xx_hal_cortex.o(i.HAL_MPU_ConfigRegion), (84 bytes).
    Removing stm32g0xx_hal_cortex.o(i.HAL_MPU_Disable), (16 bytes).
    Removing stm32g0xx_hal_cortex.o(i.HAL_MPU_Enable), (24 bytes).
    Removing stm32g0xx_hal_cortex.o(i.HAL_NVIC_ClearPendingIRQ), (24 bytes).
    Removing stm32g0xx_hal_cortex.o(i.HAL_NVIC_DisableIRQ), (32 bytes).
    Removing stm32g0xx_hal_cortex.o(i.HAL_NVIC_GetPendingIRQ), (32 bytes).
    Removing stm32g0xx_hal_cortex.o(i.HAL_NVIC_GetPriority), (52 bytes).
    Removing stm32g0xx_hal_cortex.o(i.HAL_NVIC_SetPendingIRQ), (24 bytes).
    Removing stm32g0xx_hal_cortex.o(i.HAL_NVIC_SystemReset), (28 bytes).
    Removing stm32g0xx_hal_cortex.o(i.HAL_SYSTICK_CLKSourceConfig), (24 bytes).
    Removing stm32g0xx_hal_cortex.o(i.HAL_SYSTICK_Callback), (2 bytes).
    Removing stm32g0xx_hal_cortex.o(i.HAL_SYSTICK_IRQHandler), (8 bytes).
    Removing stm32g0xx_hal.o(.rev16_text), (4 bytes).
    Removing stm32g0xx_hal.o(.revsh_text), (4 bytes).
    Removing stm32g0xx_hal.o(i.HAL_DBGMCU_DisableDBGStandbyMode), (16 bytes).
    Removing stm32g0xx_hal.o(i.HAL_DBGMCU_DisableDBGStopMode), (16 bytes).
    Removing stm32g0xx_hal.o(i.HAL_DBGMCU_EnableDBGStandbyMode), (16 bytes).
    Removing stm32g0xx_hal.o(i.HAL_DBGMCU_EnableDBGStopMode), (16 bytes).
    Removing stm32g0xx_hal.o(i.HAL_DeInit), (40 bytes).
    Removing stm32g0xx_hal.o(i.HAL_GetDEVID), (16 bytes).
    Removing stm32g0xx_hal.o(i.HAL_GetHalVersion), (8 bytes).
    Removing stm32g0xx_hal.o(i.HAL_GetREVID), (12 bytes).
    Removing stm32g0xx_hal.o(i.HAL_GetTickFreq), (12 bytes).
    Removing stm32g0xx_hal.o(i.HAL_GetTickPrio), (12 bytes).
    Removing stm32g0xx_hal.o(i.HAL_GetUIDw0), (12 bytes).
    Removing stm32g0xx_hal.o(i.HAL_GetUIDw1), (12 bytes).
    Removing stm32g0xx_hal.o(i.HAL_GetUIDw2), (12 bytes).
    Removing stm32g0xx_hal.o(i.HAL_MspDeInit), (2 bytes).
    Removing stm32g0xx_hal.o(i.HAL_MspInit), (2 bytes).
    Removing stm32g0xx_hal.o(i.HAL_ResumeTick), (16 bytes).
    Removing stm32g0xx_hal.o(i.HAL_SYSCFG_DisableIOAnalogSwitchBooster), (16 bytes).
    Removing stm32g0xx_hal.o(i.HAL_SYSCFG_DisableRemap), (16 bytes).
    Removing stm32g0xx_hal.o(i.HAL_SYSCFG_DisableVREFBUF), (16 bytes).
    Removing stm32g0xx_hal.o(i.HAL_SYSCFG_EnableIOAnalogSwitchBooster), (16 bytes).
    Removing stm32g0xx_hal.o(i.HAL_SYSCFG_EnableRemap), (16 bytes).
    Removing stm32g0xx_hal.o(i.HAL_SYSCFG_EnableVREFBUF), (48 bytes).
    Removing stm32g0xx_hal.o(i.HAL_SYSCFG_VREFBUF_HighImpedanceConfig), (20 bytes).
    Removing stm32g0xx_hal.o(i.HAL_SYSCFG_VREFBUF_TrimmingConfig), (20 bytes).
    Removing stm32g0xx_hal.o(i.HAL_SYSCFG_VREFBUF_VoltageScalingConfig), (20 bytes).
    Removing stm32g0xx_hal.o(i.HAL_SetTickFreq), (36 bytes).
    Removing stm32g0xx_hal.o(i.HAL_SuspendTick), (16 bytes).
    Removing stm32g0xx_hal_exti.o(.rev16_text), (4 bytes).
    Removing stm32g0xx_hal_exti.o(.revsh_text), (4 bytes).
    Removing stm32g0xx_hal_exti.o(i.HAL_EXTI_ClearConfigLine), (120 bytes).
    Removing stm32g0xx_hal_exti.o(i.HAL_EXTI_ClearPending), (40 bytes).
    Removing stm32g0xx_hal_exti.o(i.HAL_EXTI_GenerateSWI), (28 bytes).
    Removing stm32g0xx_hal_exti.o(i.HAL_EXTI_GetConfigLine), (160 bytes).
    Removing stm32g0xx_hal_exti.o(i.HAL_EXTI_GetHandle), (14 bytes).
    Removing stm32g0xx_hal_exti.o(i.HAL_EXTI_GetPending), (44 bytes).
    Removing stm32g0xx_hal_exti.o(i.HAL_EXTI_IRQHandler), (68 bytes).
    Removing stm32g0xx_hal_exti.o(i.HAL_EXTI_RegisterCallback), (30 bytes).
    Removing stm32g0xx_hal_exti.o(i.HAL_EXTI_SetConfigLine), (172 bytes).
    Removing system_stm32g0xx.o(.rev16_text), (4 bytes).
    Removing system_stm32g0xx.o(.revsh_text), (4 bytes).
    Removing system_stm32g0xx.o(i.SystemCoreClockUpdate), (144 bytes).
    Removing system_stm32g0xx.o(.constdata), (32 bytes).
    Removing stm32g0xx_hal_tim.o(i.__ARM_common_switch8), (26 bytes).

352 unused section(s) (total 24654 bytes) removed from the image.

==============================================================================

Image Symbol Table

    Local Symbols

    Symbol Name                              Value     Ov Type        Size  Object(Section)

    ../Core/Src/main.c                       0x00000000   Number         0  main.o ABSOLUTE
    ../Core/Src/stm32g0xx_hal_msp.c          0x00000000   Number         0  stm32g0xx_hal_msp.o ABSOLUTE
    ../Core/Src/stm32g0xx_it.c               0x00000000   Number         0  stm32g0xx_it.o ABSOLUTE
    ../Core/Src/system_stm32g0xx.c           0x00000000   Number         0  system_stm32g0xx.o ABSOLUTE
    ../Drivers/STM32G0xx_HAL_Driver/Src/stm32g0xx_hal.c 0x00000000   Number         0  stm32g0xx_hal.o ABSOLUTE
    ../Drivers/STM32G0xx_HAL_Driver/Src/stm32g0xx_hal_cortex.c 0x00000000   Number         0  stm32g0xx_hal_cortex.o ABSOLUTE
    ../Drivers/STM32G0xx_HAL_Driver/Src/stm32g0xx_hal_dma.c 0x00000000   Number         0  stm32g0xx_hal_dma.o ABSOLUTE
    ../Drivers/STM32G0xx_HAL_Driver/Src/stm32g0xx_hal_dma_ex.c 0x00000000   Number         0  stm32g0xx_hal_dma_ex.o ABSOLUTE
    ../Drivers/STM32G0xx_HAL_Driver/Src/stm32g0xx_hal_exti.c 0x00000000   Number         0  stm32g0xx_hal_exti.o ABSOLUTE
    ../Drivers/STM32G0xx_HAL_Driver/Src/stm32g0xx_hal_flash.c 0x00000000   Number         0  stm32g0xx_hal_flash.o ABSOLUTE
    ../Drivers/STM32G0xx_HAL_Driver/Src/stm32g0xx_hal_flash_ex.c 0x00000000   Number         0  stm32g0xx_hal_flash_ex.o ABSOLUTE
    ../Drivers/STM32G0xx_HAL_Driver/Src/stm32g0xx_hal_gpio.c 0x00000000   Number         0  stm32g0xx_hal_gpio.o ABSOLUTE
    ../Drivers/STM32G0xx_HAL_Driver/Src/stm32g0xx_hal_pwr.c 0x00000000   Number         0  stm32g0xx_hal_pwr.o ABSOLUTE
    ../Drivers/STM32G0xx_HAL_Driver/Src/stm32g0xx_hal_pwr_ex.c 0x00000000   Number         0  stm32g0xx_hal_pwr_ex.o ABSOLUTE
    ../Drivers/STM32G0xx_HAL_Driver/Src/stm32g0xx_hal_rcc.c 0x00000000   Number         0  stm32g0xx_hal_rcc.o ABSOLUTE
    ../Drivers/STM32G0xx_HAL_Driver/Src/stm32g0xx_hal_rcc_ex.c 0x00000000   Number         0  stm32g0xx_hal_rcc_ex.o ABSOLUTE
    ../Drivers/STM32G0xx_HAL_Driver/Src/stm32g0xx_hal_tim.c 0x00000000   Number         0  stm32g0xx_hal_tim.o ABSOLUTE
    ../Drivers/STM32G0xx_HAL_Driver/Src/stm32g0xx_hal_tim_ex.c 0x00000000   Number         0  stm32g0xx_hal_tim_ex.o ABSOLUTE
    ../Drivers/STM32G0xx_HAL_Driver/Src/stm32g0xx_ll_dma.c 0x00000000   Number         0  stm32g0xx_ll_dma.o ABSOLUTE
    ../Drivers/STM32G0xx_HAL_Driver/Src/stm32g0xx_ll_rcc.c 0x00000000   Number         0  stm32g0xx_ll_rcc.o ABSOLUTE
    ../clib/angel/boardlib.s                 0x00000000   Number         0  boardinit3.o ABSOLUTE
    ../clib/angel/boardlib.s                 0x00000000   Number         0  boardinit1.o ABSOLUTE
    ../clib/angel/boardlib.s                 0x00000000   Number         0  boardinit2.o ABSOLUTE
    ../clib/angel/boardlib.s                 0x00000000   Number         0  boardshut.o ABSOLUTE
    ../clib/angel/handlers.s                 0x00000000   Number         0  __scatter_zi.o ABSOLUTE
    ../clib/angel/handlers.s                 0x00000000   Number         0  __scatter_copy.o ABSOLUTE
    ../clib/angel/kernel.s                   0x00000000   Number         0  rtexit2.o ABSOLUTE
    ../clib/angel/kernel.s                   0x00000000   Number         0  rtexit.o ABSOLUTE
    ../clib/angel/kernel.s                   0x00000000   Number         0  __rtentry.o ABSOLUTE
    ../clib/angel/kernel.s                   0x00000000   Number         0  __rtentry2.o ABSOLUTE
    ../clib/angel/kernel.s                   0x00000000   Number         0  __rtentry4.o ABSOLUTE
    ../clib/angel/rt.s                       0x00000000   Number         0  rt_div0.o ABSOLUTE
    ../clib/angel/rt.s                       0x00000000   Number         0  rt_raise.o ABSOLUTE
    ../clib/angel/rt.s                       0x00000000   Number         0  aeabi_idiv0.o ABSOLUTE
    ../clib/angel/rt.s                       0x00000000   Number         0  aeabi_idiv0_sigfpe.o ABSOLUTE
    ../clib/angel/scatterp.s                 0x00000000   Number         0  __scatter.o ABSOLUTE
    ../clib/angel/startup.s                  0x00000000   Number         0  __main.o ABSOLUTE
    ../clib/angel/sys.s                      0x00000000   Number         0  sys_stackheap_outer.o ABSOLUTE
    ../clib/angel/sys.s                      0x00000000   Number         0  indicate_semi.o ABSOLUTE
    ../clib/angel/sys.s                      0x00000000   Number         0  use_no_semi.o ABSOLUTE
    ../clib/angel/sys.s                      0x00000000   Number         0  tempstk.o ABSOLUTE
    ../clib/angel/sys.s                      0x00000000   Number         0  libspace.o ABSOLUTE
    ../clib/angel/sysapp.c                   0x00000000   Number         0  sys_exit.o ABSOLUTE
    ../clib/angel/sysapp.c                   0x00000000   Number         0  sys_command.o ABSOLUTE
    ../clib/angel/sysapp.c                   0x00000000   Number         0  sys_wrch.o ABSOLUTE
    ../clib/armsys.c                         0x00000000   Number         0  no_argv.o ABSOLUTE
    ../clib/armsys.c                         0x00000000   Number         0  argv_veneer.o ABSOLUTE
    ../clib/armsys.c                         0x00000000   Number         0  _get_argv_nomalloc.o ABSOLUTE
    ../clib/division.s                       0x00000000   Number         0  aeabi_sdiv_div0.o ABSOLUTE
    ../clib/division.s                       0x00000000   Number         0  aeabi_sdiv.o ABSOLUTE
    ../clib/heapalloc.c                      0x00000000   Number         0  hrguard.o ABSOLUTE
    ../clib/heapaux.c                        0x00000000   Number         0  heapauxi.o ABSOLUTE
    ../clib/libinit.s                        0x00000000   Number         0  libinit2.o ABSOLUTE
    ../clib/libinit.s                        0x00000000   Number         0  libshutdown.o ABSOLUTE
    ../clib/libinit.s                        0x00000000   Number         0  libshutdown2.o ABSOLUTE
    ../clib/libinit.s                        0x00000000   Number         0  libinit.o ABSOLUTE
    ../clib/memcpset.c                       0x00000000   Number         0  rt_memclr.o ABSOLUTE
    ../clib/signal.c                         0x00000000   Number         0  defsig_stak_inner.o ABSOLUTE
    ../clib/signal.c                         0x00000000   Number         0  defsig_pvfn_inner.o ABSOLUTE
    ../clib/signal.c                         0x00000000   Number         0  defsig_general.o ABSOLUTE
    ../clib/signal.c                         0x00000000   Number         0  defsig_cppl_inner.o ABSOLUTE
    ../clib/signal.c                         0x00000000   Number         0  defsig_fpe_outer.o ABSOLUTE
    ../clib/signal.c                         0x00000000   Number         0  defsig_segv_inner.o ABSOLUTE
    ../clib/signal.c                         0x00000000   Number         0  defsig_other.o ABSOLUTE
    ../clib/signal.c                         0x00000000   Number         0  __raise.o ABSOLUTE
    ../clib/signal.c                         0x00000000   Number         0  defsig_rtmem_inner.o ABSOLUTE
    ../clib/signal.c                         0x00000000   Number         0  defsig_fpe_inner.o ABSOLUTE
    ../clib/signal.c                         0x00000000   Number         0  defsig_exit.o ABSOLUTE
    ../clib/signal.c                         0x00000000   Number         0  defsig_fpe_formal.o ABSOLUTE
    ../clib/signal.c                         0x00000000   Number         0  defsig_abrt_inner.o ABSOLUTE
    ../clib/signal.c                         0x00000000   Number         0  defsig_rtred_inner.o ABSOLUTE
    ../clib/signal.c                         0x00000000   Number         0  defsig_rtmem_outer.o ABSOLUTE
    ../clib/signal.c                         0x00000000   Number         0  defsig_rtmem_formal.o ABSOLUTE
    ../clib/signal.s                         0x00000000   Number         0  defsig.o ABSOLUTE
    ../clib/stdlib.c                         0x00000000   Number         0  exit.o ABSOLUTE
    ../fplib/cfplib/fpinit.c                 0x00000000   Number         0  fpinit.o ABSOLUTE
    ..\Core\Src\main.c                       0x00000000   Number         0  main.o ABSOLUTE
    ..\Core\Src\stm32g0xx_hal_msp.c          0x00000000   Number         0  stm32g0xx_hal_msp.o ABSOLUTE
    ..\Core\Src\stm32g0xx_it.c               0x00000000   Number         0  stm32g0xx_it.o ABSOLUTE
    ..\Core\Src\system_stm32g0xx.c           0x00000000   Number         0  system_stm32g0xx.o ABSOLUTE
    ..\Drivers\STM32G0xx_HAL_Driver\Src\stm32g0xx_hal.c 0x00000000   Number         0  stm32g0xx_hal.o ABSOLUTE
    ..\Drivers\STM32G0xx_HAL_Driver\Src\stm32g0xx_hal_cortex.c 0x00000000   Number         0  stm32g0xx_hal_cortex.o ABSOLUTE
    ..\Drivers\STM32G0xx_HAL_Driver\Src\stm32g0xx_hal_dma.c 0x00000000   Number         0  stm32g0xx_hal_dma.o ABSOLUTE
    ..\Drivers\STM32G0xx_HAL_Driver\Src\stm32g0xx_hal_dma_ex.c 0x00000000   Number         0  stm32g0xx_hal_dma_ex.o ABSOLUTE
    ..\Drivers\STM32G0xx_HAL_Driver\Src\stm32g0xx_hal_exti.c 0x00000000   Number         0  stm32g0xx_hal_exti.o ABSOLUTE
    ..\Drivers\STM32G0xx_HAL_Driver\Src\stm32g0xx_hal_flash.c 0x00000000   Number         0  stm32g0xx_hal_flash.o ABSOLUTE
    ..\Drivers\STM32G0xx_HAL_Driver\Src\stm32g0xx_hal_flash_ex.c 0x00000000   Number         0  stm32g0xx_hal_flash_ex.o ABSOLUTE
    ..\Drivers\STM32G0xx_HAL_Driver\Src\stm32g0xx_hal_gpio.c 0x00000000   Number         0  stm32g0xx_hal_gpio.o ABSOLUTE
    ..\Drivers\STM32G0xx_HAL_Driver\Src\stm32g0xx_hal_pwr.c 0x00000000   Number         0  stm32g0xx_hal_pwr.o ABSOLUTE
    ..\Drivers\STM32G0xx_HAL_Driver\Src\stm32g0xx_hal_pwr_ex.c 0x00000000   Number         0  stm32g0xx_hal_pwr_ex.o ABSOLUTE
    ..\Drivers\STM32G0xx_HAL_Driver\Src\stm32g0xx_hal_rcc.c 0x00000000   Number         0  stm32g0xx_hal_rcc.o ABSOLUTE
    ..\Drivers\STM32G0xx_HAL_Driver\Src\stm32g0xx_hal_rcc_ex.c 0x00000000   Number         0  stm32g0xx_hal_rcc_ex.o ABSOLUTE
    ..\Drivers\STM32G0xx_HAL_Driver\Src\stm32g0xx_hal_tim.c 0x00000000   Number         0  stm32g0xx_hal_tim.o ABSOLUTE
    ..\Drivers\STM32G0xx_HAL_Driver\Src\stm32g0xx_hal_tim_ex.c 0x00000000   Number         0  stm32g0xx_hal_tim_ex.o ABSOLUTE
    dc.s                                     0x00000000   Number         0  dc.o ABSOLUTE
    startup_stm32g071xx.s                    0x00000000   Number         0  startup_stm32g071xx.o ABSOLUTE
    RESET                                    0x08000000   Section      188  startup_stm32g071xx.o(RESET)
    !!!main                                  0x080000bc   Section        8  __main.o(!!!main)
    !!!scatter                               0x080000c4   Section       60  __scatter.o(!!!scatter)
    !!handler_copy                           0x08000100   Section       26  __scatter_copy.o(!!handler_copy)
    !!handler_zi                             0x0800011c   Section       28  __scatter_zi.o(!!handler_zi)
    .ARM.Collect$$libinit$$00000000          0x08000138   Section        2  libinit.o(.ARM.Collect$$libinit$$00000000)
    .ARM.Collect$$libinit$$00000002          0x0800013a   Section        0  libinit2.o(.ARM.Collect$$libinit$$00000002)
    .ARM.Collect$$libinit$$00000004          0x0800013a   Section        0  libinit2.o(.ARM.Collect$$libinit$$00000004)
    .ARM.Collect$$libinit$$0000000A          0x0800013a   Section        0  libinit2.o(.ARM.Collect$$libinit$$0000000A)
    .ARM.Collect$$libinit$$0000000C          0x0800013a   Section        0  libinit2.o(.ARM.Collect$$libinit$$0000000C)
    .ARM.Collect$$libinit$$0000000E          0x0800013a   Section        0  libinit2.o(.ARM.Collect$$libinit$$0000000E)
    .ARM.Collect$$libinit$$00000011          0x0800013a   Section        0  libinit2.o(.ARM.Collect$$libinit$$00000011)
    .ARM.Collect$$libinit$$00000013          0x0800013a   Section        0  libinit2.o(.ARM.Collect$$libinit$$00000013)
    .ARM.Collect$$libinit$$00000015          0x0800013a   Section        0  libinit2.o(.ARM.Collect$$libinit$$00000015)
    .ARM.Collect$$libinit$$00000017          0x0800013a   Section        0  libinit2.o(.ARM.Collect$$libinit$$00000017)
    .ARM.Collect$$libinit$$00000019          0x0800013a   Section        0  libinit2.o(.ARM.Collect$$libinit$$00000019)
    .ARM.Collect$$libinit$$0000001B          0x0800013a   Section        0  libinit2.o(.ARM.Collect$$libinit$$0000001B)
    .ARM.Collect$$libinit$$0000001D          0x0800013a   Section        0  libinit2.o(.ARM.Collect$$libinit$$0000001D)
    .ARM.Collect$$libinit$$0000001F          0x0800013a   Section        0  libinit2.o(.ARM.Collect$$libinit$$0000001F)
    .ARM.Collect$$libinit$$00000021          0x0800013a   Section        0  libinit2.o(.ARM.Collect$$libinit$$00000021)
    .ARM.Collect$$libinit$$00000023          0x0800013a   Section        0  libinit2.o(.ARM.Collect$$libinit$$00000023)
    .ARM.Collect$$libinit$$00000025          0x0800013a   Section        0  libinit2.o(.ARM.Collect$$libinit$$00000025)
    .ARM.Collect$$libinit$$0000002C          0x0800013a   Section        0  libinit2.o(.ARM.Collect$$libinit$$0000002C)
    .ARM.Collect$$libinit$$0000002E          0x0800013a   Section        0  libinit2.o(.ARM.Collect$$libinit$$0000002E)
    .ARM.Collect$$libinit$$00000030          0x0800013a   Section        0  libinit2.o(.ARM.Collect$$libinit$$00000030)
    .ARM.Collect$$libinit$$00000032          0x0800013a   Section        0  libinit2.o(.ARM.Collect$$libinit$$00000032)
    .ARM.Collect$$libinit$$00000033          0x0800013a   Section        2  libinit2.o(.ARM.Collect$$libinit$$00000033)
    .ARM.Collect$$libshutdown$$00000000      0x0800013c   Section        2  libshutdown.o(.ARM.Collect$$libshutdown$$00000000)
    .ARM.Collect$$libshutdown$$00000002      0x0800013e   Section        0  libshutdown2.o(.ARM.Collect$$libshutdown$$00000002)
    .ARM.Collect$$libshutdown$$00000004      0x0800013e   Section        0  libshutdown2.o(.ARM.Collect$$libshutdown$$00000004)
    .ARM.Collect$$libshutdown$$00000006      0x0800013e   Section        0  libshutdown2.o(.ARM.Collect$$libshutdown$$00000006)
    .ARM.Collect$$libshutdown$$00000009      0x0800013e   Section        0  libshutdown2.o(.ARM.Collect$$libshutdown$$00000009)
    .ARM.Collect$$libshutdown$$0000000C      0x0800013e   Section        0  libshutdown2.o(.ARM.Collect$$libshutdown$$0000000C)
    .ARM.Collect$$libshutdown$$0000000E      0x0800013e   Section        0  libshutdown2.o(.ARM.Collect$$libshutdown$$0000000E)
    .ARM.Collect$$libshutdown$$00000011      0x0800013e   Section        0  libshutdown2.o(.ARM.Collect$$libshutdown$$00000011)
    .ARM.Collect$$libshutdown$$00000012      0x0800013e   Section        2  libshutdown2.o(.ARM.Collect$$libshutdown$$00000012)
    .ARM.Collect$$rtentry$$00000000          0x08000140   Section        0  __rtentry.o(.ARM.Collect$$rtentry$$00000000)
    .ARM.Collect$$rtentry$$00000002          0x08000140   Section        0  __rtentry2.o(.ARM.Collect$$rtentry$$00000002)
    .ARM.Collect$$rtentry$$00000004          0x08000140   Section        6  __rtentry4.o(.ARM.Collect$$rtentry$$00000004)
    .ARM.Collect$$rtentry$$00000009          0x08000146   Section        0  __rtentry2.o(.ARM.Collect$$rtentry$$00000009)
    .ARM.Collect$$rtentry$$0000000A          0x08000146   Section        4  __rtentry2.o(.ARM.Collect$$rtentry$$0000000A)
    .ARM.Collect$$rtentry$$0000000C          0x0800014a   Section        0  __rtentry2.o(.ARM.Collect$$rtentry$$0000000C)
    .ARM.Collect$$rtentry$$0000000D          0x0800014a   Section        8  __rtentry2.o(.ARM.Collect$$rtentry$$0000000D)
    .ARM.Collect$$rtexit$$00000000           0x08000152   Section        2  rtexit.o(.ARM.Collect$$rtexit$$00000000)
    .ARM.Collect$$rtexit$$00000002           0x08000154   Section        0  rtexit2.o(.ARM.Collect$$rtexit$$00000002)
    .ARM.Collect$$rtexit$$00000003           0x08000154   Section        4  rtexit2.o(.ARM.Collect$$rtexit$$00000003)
    .ARM.Collect$$rtexit$$00000004           0x08000158   Section        6  rtexit2.o(.ARM.Collect$$rtexit$$00000004)
    .text                                    0x08000160   Section       56  startup_stm32g071xx.o(.text)
    .text                                    0x08000198   Section        0  rt_memclr.o(.text)
    .text                                    0x080001d8   Section      346  aeabi_sdiv.o(.text)
    .text                                    0x08000332   Section        0  heapauxi.o(.text)
    .text                                    0x08000338   Section       62  sys_stackheap_outer.o(.text)
    .text                                    0x08000376   Section        0  exit.o(.text)
    .text                                    0x08000388   Section        8  libspace.o(.text)
    .text                                    0x08000390   Section        0  sys_exit.o(.text)
    .text                                    0x0800039c   Section        2  use_no_semi.o(.text)
    .text                                    0x0800039e   Section        0  indicate_semi.o(.text)
    i.EXTI0_1_IRQHandler                     0x0800039e   Section        0  stm32g0xx_it.o(i.EXTI0_1_IRQHandler)
    i.EXTI4_15_IRQHandler                    0x080003a8   Section        0  stm32g0xx_it.o(i.EXTI4_15_IRQHandler)
    i.Error_Handler                          0x080003c8   Section        0  main.o(i.Error_Handler)
    i.Get_Fan_RPM                            0x080003cc   Section        0  main.o(i.Get_Fan_RPM)
    i.Get_Flow_Sensor_Rate                   0x080003d4   Section        0  main.o(i.Get_Flow_Sensor_Rate)
    i.HAL_Delay                              0x080003ec   Section        0  stm32g0xx_hal.o(i.HAL_Delay)
    i.HAL_GPIO_EXTI_Falling_Callback         0x08000410   Section        0  stm32g0xx_hal_gpio.o(i.HAL_GPIO_EXTI_Falling_Callback)
    i.HAL_GPIO_EXTI_IRQHandler               0x08000414   Section        0  stm32g0xx_hal_gpio.o(i.HAL_GPIO_EXTI_IRQHandler)
    i.HAL_GPIO_EXTI_Rising_Callback          0x0800043c   Section        0  main.o(i.HAL_GPIO_EXTI_Rising_Callback)
    i.HAL_GPIO_Init                          0x08000488   Section        0  stm32g0xx_hal_gpio.o(i.HAL_GPIO_Init)
    i.HAL_GPIO_WritePin                      0x080005e4   Section        0  stm32g0xx_hal_gpio.o(i.HAL_GPIO_WritePin)
    i.HAL_GetTick                            0x080005f0   Section        0  stm32g0xx_hal.o(i.HAL_GetTick)
    i.HAL_IncTick                            0x080005fc   Section        0  stm32g0xx_hal.o(i.HAL_IncTick)
    i.HAL_Init                               0x0800060c   Section        0  stm32g0xx_hal.o(i.HAL_Init)
    i.HAL_InitTick                           0x08000634   Section        0  stm32g0xx_hal.o(i.HAL_InitTick)
    i.HAL_MspInit                            0x0800067c   Section        0  stm32g0xx_hal_msp.o(i.HAL_MspInit)
    i.HAL_NVIC_EnableIRQ                     0x080006b0   Section        0  stm32g0xx_hal_cortex.o(i.HAL_NVIC_EnableIRQ)
    i.HAL_NVIC_SetPriority                   0x080006c8   Section        0  stm32g0xx_hal_cortex.o(i.HAL_NVIC_SetPriority)
    i.HAL_PWREx_ControlVoltageScaling        0x080006d0   Section        0  stm32g0xx_hal_pwr_ex.o(i.HAL_PWREx_ControlVoltageScaling)
    i.HAL_RCCEx_PeriphCLKConfig              0x0800071c   Section        0  stm32g0xx_hal_rcc_ex.o(i.HAL_RCCEx_PeriphCLKConfig)
    i.HAL_RCC_ClockConfig                    0x080008fc   Section        0  stm32g0xx_hal_rcc.o(i.HAL_RCC_ClockConfig)
    i.HAL_RCC_GetSysClockFreq                0x08000a54   Section        0  stm32g0xx_hal_rcc.o(i.HAL_RCC_GetSysClockFreq)
    i.HAL_RCC_OscConfig                      0x08000ae0   Section        0  stm32g0xx_hal_rcc.o(i.HAL_RCC_OscConfig)
    i.HAL_SYSCFG_StrobeDBattpinsConfig       0x08000ec8   Section        0  stm32g0xx_hal.o(i.HAL_SYSCFG_StrobeDBattpinsConfig)
    i.HAL_SYSTICK_Config                     0x08000edc   Section        0  stm32g0xx_hal_cortex.o(i.HAL_SYSTICK_Config)
    i.HAL_TIMEx_ConfigBreakDeadTime          0x08000f0c   Section        0  stm32g0xx_hal_tim_ex.o(i.HAL_TIMEx_ConfigBreakDeadTime)
    i.HAL_TIMEx_MasterConfigSynchronization  0x08000fb8   Section        0  stm32g0xx_hal_tim_ex.o(i.HAL_TIMEx_MasterConfigSynchronization)
    i.HAL_TIM_Base_Init                      0x0800102c   Section        0  stm32g0xx_hal_tim.o(i.HAL_TIM_Base_Init)
    i.HAL_TIM_Base_MspInit                   0x08001078   Section        0  stm32g0xx_hal_msp.o(i.HAL_TIM_Base_MspInit)
    i.HAL_TIM_MspPostInit                    0x0800109c   Section        0  stm32g0xx_hal_msp.o(i.HAL_TIM_MspPostInit)
    i.HAL_TIM_PWM_ConfigChannel              0x08001160   Section        0  stm32g0xx_hal_tim.o(i.HAL_TIM_PWM_ConfigChannel)
    i.HAL_TIM_PWM_Init                       0x08001288   Section        0  stm32g0xx_hal_tim.o(i.HAL_TIM_PWM_Init)
    i.HAL_TIM_PWM_MspInit                    0x080012d4   Section        0  stm32g0xx_hal_msp.o(i.HAL_TIM_PWM_MspInit)
    i.HAL_TIM_PWM_Start                      0x08001354   Section        0  stm32g0xx_hal_tim.o(i.HAL_TIM_PWM_Start)
    i.HardFault_Handler                      0x08001428   Section        0  stm32g0xx_it.o(i.HardFault_Handler)
    i.MX_GPIO_Init                           0x0800142c   Section        0  main.o(i.MX_GPIO_Init)
    MX_GPIO_Init                             0x0800142d   Thumb Code   148  main.o(i.MX_GPIO_Init)
    i.MX_TIM14_Init                          0x080014cc   Section        0  main.o(i.MX_TIM14_Init)
    MX_TIM14_Init                            0x080014cd   Thumb Code    96  main.o(i.MX_TIM14_Init)
    i.MX_TIM15_Init                          0x08001534   Section        0  main.o(i.MX_TIM15_Init)
    MX_TIM15_Init                            0x08001535   Thumb Code   160  main.o(i.MX_TIM15_Init)
    i.MX_TIM2_Init                           0x080015dc   Section        0  main.o(i.MX_TIM2_Init)
    MX_TIM2_Init                             0x080015dd   Thumb Code   110  main.o(i.MX_TIM2_Init)
    i.MX_TIM3_Init                           0x08001650   Section        0  main.o(i.MX_TIM3_Init)
    MX_TIM3_Init                             0x08001651   Thumb Code   108  main.o(i.MX_TIM3_Init)
    i.NMI_Handler                            0x080016c4   Section        0  stm32g0xx_it.o(i.NMI_Handler)
    i.PendSV_Handler                         0x080016c6   Section        0  stm32g0xx_it.o(i.PendSV_Handler)
    i.SVC_Handler                            0x080016c8   Section        0  stm32g0xx_it.o(i.SVC_Handler)
    i.SysTick_Handler                        0x080016ca   Section        0  stm32g0xx_it.o(i.SysTick_Handler)
    i.SystemClock_Config                     0x080016d2   Section        0  main.o(i.SystemClock_Config)
    i.SystemInit                             0x0800172c   Section        0  system_stm32g0xx.o(i.SystemInit)
    i.TIM_Base_SetConfig                     0x08001730   Section        0  stm32g0xx_hal_tim.o(i.TIM_Base_SetConfig)
    i.TIM_CCxChannelCmd                      0x080017c4   Section        0  stm32g0xx_hal_tim.o(i.TIM_CCxChannelCmd)
    i.TIM_OC1_SetConfig                      0x080017e0   Section        0  stm32g0xx_hal_tim.o(i.TIM_OC1_SetConfig)
    TIM_OC1_SetConfig                        0x080017e1   Thumb Code   120  stm32g0xx_hal_tim.o(i.TIM_OC1_SetConfig)
    i.TIM_OC2_SetConfig                      0x0800186c   Section        0  stm32g0xx_hal_tim.o(i.TIM_OC2_SetConfig)
    i.TIM_OC3_SetConfig                      0x080018f0   Section        0  stm32g0xx_hal_tim.o(i.TIM_OC3_SetConfig)
    TIM_OC3_SetConfig                        0x080018f1   Thumb Code   114  stm32g0xx_hal_tim.o(i.TIM_OC3_SetConfig)
    i.TIM_OC4_SetConfig                      0x08001978   Section        0  stm32g0xx_hal_tim.o(i.TIM_OC4_SetConfig)
    TIM_OC4_SetConfig                        0x08001979   Thumb Code    94  stm32g0xx_hal_tim.o(i.TIM_OC4_SetConfig)
    i.TIM_OC5_SetConfig                      0x080019ec   Section        0  stm32g0xx_hal_tim.o(i.TIM_OC5_SetConfig)
    TIM_OC5_SetConfig                        0x080019ed   Thumb Code    80  stm32g0xx_hal_tim.o(i.TIM_OC5_SetConfig)
    i.TIM_OC6_SetConfig                      0x08001a50   Section        0  stm32g0xx_hal_tim.o(i.TIM_OC6_SetConfig)
    TIM_OC6_SetConfig                        0x08001a51   Thumb Code    88  stm32g0xx_hal_tim.o(i.TIM_OC6_SetConfig)
    i.__NVIC_SetPriority                     0x08001abc   Section        0  stm32g0xx_hal_cortex.o(i.__NVIC_SetPriority)
    __NVIC_SetPriority                       0x08001abd   Thumb Code    60  stm32g0xx_hal_cortex.o(i.__NVIC_SetPriority)
    i.main                                   0x08001b00   Section        0  main.o(i.main)
    .constdata                               0x08001bc0   Section       64  system_stm32g0xx.o(.constdata)
    .data                                    0x20000000   Section       30  main.o(.data)
    .data                                    0x20000020   Section       12  stm32g0xx_hal.o(.data)
    .data                                    0x2000002c   Section        4  system_stm32g0xx.o(.data)
    .bss                                     0x20000030   Section      304  main.o(.bss)
    .bss                                     0x20000160   Section       96  libspace.o(.bss)
    HEAP                                     0x200001c0   Section      512  startup_stm32g071xx.o(HEAP)
    Heap_Mem                                 0x200001c0   Data         512  startup_stm32g071xx.o(HEAP)
    STACK                                    0x200003c0   Section     1024  startup_stm32g071xx.o(STACK)
    Stack_Mem                                0x200003c0   Data        1024  startup_stm32g071xx.o(STACK)
    __initial_sp                             0x200007c0   Data           0  startup_stm32g071xx.o(STACK)

    Global Symbols

    Symbol Name                              Value     Ov Type        Size  Object(Section)

    BuildAttributes$$THM_ISAv3M$S$PE$A:L22$X:L11$S22$IEEE1$IW$USESV6$~STKCKD$USESV7$~SHL$OSPACE$ROPI$EBA8$UX$STANDARDLIB$REQ8$PRES8$EABIv2 0x00000000   Number         0  anon$$obj.o ABSOLUTE
    __ARM_use_no_argv                        0x00000000   Number         0  main.o ABSOLUTE
    __ARM_exceptions_init                     - Undefined Weak Reference
    __alloca_initialize                       - Undefined Weak Reference
    __arm_fini_                               - Undefined Weak Reference
    __arm_preinit_                            - Undefined Weak Reference
    __cpp_initialize__aeabi_                  - Undefined Weak Reference
    __cxa_finalize                            - Undefined Weak Reference
    __rt_locale                               - Undefined Weak Reference
    __sigvec_lookup                           - Undefined Weak Reference
    _atexit_init                              - Undefined Weak Reference
    _call_atexit_fns                          - Undefined Weak Reference
    _clock_init                               - Undefined Weak Reference
    _fp_trap_init                             - Undefined Weak Reference
    _fp_trap_shutdown                         - Undefined Weak Reference
    _get_lc_collate                           - Undefined Weak Reference
    _get_lc_ctype                             - Undefined Weak Reference
    _get_lc_monetary                          - Undefined Weak Reference
    _get_lc_numeric                           - Undefined Weak Reference
    _get_lc_time                              - Undefined Weak Reference
    _getenv_init                              - Undefined Weak Reference
    _handle_redirection                       - Undefined Weak Reference
    _init_alloc                               - Undefined Weak Reference
    _init_user_alloc                          - Undefined Weak Reference
    _initio                                   - Undefined Weak Reference
    _rand_init                                - Undefined Weak Reference
    _signal_finish                            - Undefined Weak Reference
    _signal_init                              - Undefined Weak Reference
    _terminate_alloc                          - Undefined Weak Reference
    _terminate_user_alloc                     - Undefined Weak Reference
    _terminateio                              - Undefined Weak Reference
    __Vectors_Size                           0x000000bc   Number         0  startup_stm32g071xx.o ABSOLUTE
    __Vectors                                0x08000000   Data           4  startup_stm32g071xx.o(RESET)
    __Vectors_End                            0x080000bc   Data           0  startup_stm32g071xx.o(RESET)
    __main                                   0x080000bd   Thumb Code     8  __main.o(!!!main)
    __scatterload                            0x080000c5   Thumb Code     0  __scatter.o(!!!scatter)
    __scatterload_rt2                        0x080000c5   Thumb Code    52  __scatter.o(!!!scatter)
    __scatterload_rt2_thumb_only             0x080000c5   Thumb Code     0  __scatter.o(!!!scatter)
    __scatterload_null                       0x080000d5   Thumb Code     0  __scatter.o(!!!scatter)
    __scatterload_copy                       0x08000101   Thumb Code    26  __scatter_copy.o(!!handler_copy)
    __scatterload_zeroinit                   0x0800011d   Thumb Code    28  __scatter_zi.o(!!handler_zi)
    __rt_lib_init                            0x08000139   Thumb Code     0  libinit.o(.ARM.Collect$$libinit$$00000000)
    __rt_lib_init_alloca_1                   0x0800013b   Thumb Code     0  libinit2.o(.ARM.Collect$$libinit$$0000002E)
    __rt_lib_init_argv_1                     0x0800013b   Thumb Code     0  libinit2.o(.ARM.Collect$$libinit$$0000002C)
    __rt_lib_init_atexit_1                   0x0800013b   Thumb Code     0  libinit2.o(.ARM.Collect$$libinit$$0000001B)
    __rt_lib_init_clock_1                    0x0800013b   Thumb Code     0  libinit2.o(.ARM.Collect$$libinit$$00000021)
    __rt_lib_init_cpp_1                      0x0800013b   Thumb Code     0  libinit2.o(.ARM.Collect$$libinit$$00000032)
    __rt_lib_init_exceptions_1               0x0800013b   Thumb Code     0  libinit2.o(.ARM.Collect$$libinit$$00000030)
    __rt_lib_init_fp_1                       0x0800013b   Thumb Code     0  libinit2.o(.ARM.Collect$$libinit$$00000002)
    __rt_lib_init_fp_trap_1                  0x0800013b   Thumb Code     0  libinit2.o(.ARM.Collect$$libinit$$0000001F)
    __rt_lib_init_getenv_1                   0x0800013b   Thumb Code     0  libinit2.o(.ARM.Collect$$libinit$$00000023)
    __rt_lib_init_heap_1                     0x0800013b   Thumb Code     0  libinit2.o(.ARM.Collect$$libinit$$0000000A)
    __rt_lib_init_lc_collate_1               0x0800013b   Thumb Code     0  libinit2.o(.ARM.Collect$$libinit$$00000011)
    __rt_lib_init_lc_ctype_1                 0x0800013b   Thumb Code     0  libinit2.o(.ARM.Collect$$libinit$$00000013)
    __rt_lib_init_lc_monetary_1              0x0800013b   Thumb Code     0  libinit2.o(.ARM.Collect$$libinit$$00000015)
    __rt_lib_init_lc_numeric_1               0x0800013b   Thumb Code     0  libinit2.o(.ARM.Collect$$libinit$$00000017)
    __rt_lib_init_lc_time_1                  0x0800013b   Thumb Code     0  libinit2.o(.ARM.Collect$$libinit$$00000019)
    __rt_lib_init_preinit_1                  0x0800013b   Thumb Code     0  libinit2.o(.ARM.Collect$$libinit$$00000004)
    __rt_lib_init_rand_1                     0x0800013b   Thumb Code     0  libinit2.o(.ARM.Collect$$libinit$$0000000E)
    __rt_lib_init_return                     0x0800013b   Thumb Code     0  libinit2.o(.ARM.Collect$$libinit$$00000033)
    __rt_lib_init_signal_1                   0x0800013b   Thumb Code     0  libinit2.o(.ARM.Collect$$libinit$$0000001D)
    __rt_lib_init_stdio_1                    0x0800013b   Thumb Code     0  libinit2.o(.ARM.Collect$$libinit$$00000025)
    __rt_lib_init_user_alloc_1               0x0800013b   Thumb Code     0  libinit2.o(.ARM.Collect$$libinit$$0000000C)
    __rt_lib_shutdown                        0x0800013d   Thumb Code     0  libshutdown.o(.ARM.Collect$$libshutdown$$00000000)
    __rt_lib_shutdown_cpp_1                  0x0800013f   Thumb Code     0  libshutdown2.o(.ARM.Collect$$libshutdown$$00000004)
    __rt_lib_shutdown_fini_1                 0x0800013f   Thumb Code     0  libshutdown2.o(.ARM.Collect$$libshutdown$$00000002)
    __rt_lib_shutdown_fp_trap_1              0x0800013f   Thumb Code     0  libshutdown2.o(.ARM.Collect$$libshutdown$$00000009)
    __rt_lib_shutdown_heap_1                 0x0800013f   Thumb Code     0  libshutdown2.o(.ARM.Collect$$libshutdown$$00000011)
    __rt_lib_shutdown_return                 0x0800013f   Thumb Code     0  libshutdown2.o(.ARM.Collect$$libshutdown$$00000012)
    __rt_lib_shutdown_signal_1               0x0800013f   Thumb Code     0  libshutdown2.o(.ARM.Collect$$libshutdown$$0000000C)
    __rt_lib_shutdown_stdio_1                0x0800013f   Thumb Code     0  libshutdown2.o(.ARM.Collect$$libshutdown$$00000006)
    __rt_lib_shutdown_user_alloc_1           0x0800013f   Thumb Code     0  libshutdown2.o(.ARM.Collect$$libshutdown$$0000000E)
    __rt_entry                               0x08000141   Thumb Code     0  __rtentry.o(.ARM.Collect$$rtentry$$00000000)
    __rt_entry_presh_1                       0x08000141   Thumb Code     0  __rtentry2.o(.ARM.Collect$$rtentry$$00000002)
    __rt_entry_sh                            0x08000141   Thumb Code     0  __rtentry4.o(.ARM.Collect$$rtentry$$00000004)
    __rt_entry_li                            0x08000147   Thumb Code     0  __rtentry2.o(.ARM.Collect$$rtentry$$0000000A)
    __rt_entry_postsh_1                      0x08000147   Thumb Code     0  __rtentry2.o(.ARM.Collect$$rtentry$$00000009)
    __rt_entry_main                          0x0800014b   Thumb Code     0  __rtentry2.o(.ARM.Collect$$rtentry$$0000000D)
    __rt_entry_postli_1                      0x0800014b   Thumb Code     0  __rtentry2.o(.ARM.Collect$$rtentry$$0000000C)
    __rt_exit                                0x08000153   Thumb Code     0  rtexit.o(.ARM.Collect$$rtexit$$00000000)
    __rt_exit_ls                             0x08000155   Thumb Code     0  rtexit2.o(.ARM.Collect$$rtexit$$00000003)
    __rt_exit_prels_1                        0x08000155   Thumb Code     0  rtexit2.o(.ARM.Collect$$rtexit$$00000002)
    __rt_exit_exit                           0x08000159   Thumb Code     0  rtexit2.o(.ARM.Collect$$rtexit$$00000004)
    Reset_Handler                            0x08000161   Thumb Code     8  startup_stm32g071xx.o(.text)
    ADC1_COMP_IRQHandler                     0x08000173   Thumb Code     0  startup_stm32g071xx.o(.text)
    CEC_IRQHandler                           0x08000173   Thumb Code     0  startup_stm32g071xx.o(.text)
    DMA1_Ch4_7_DMAMUX1_OVR_IRQHandler        0x08000173   Thumb Code     0  startup_stm32g071xx.o(.text)
    DMA1_Channel1_IRQHandler                 0x08000173   Thumb Code     0  startup_stm32g071xx.o(.text)
    DMA1_Channel2_3_IRQHandler               0x08000173   Thumb Code     0  startup_stm32g071xx.o(.text)
    EXTI2_3_IRQHandler                       0x08000173   Thumb Code     0  startup_stm32g071xx.o(.text)
    FLASH_IRQHandler                         0x08000173   Thumb Code     0  startup_stm32g071xx.o(.text)
    I2C1_IRQHandler                          0x08000173   Thumb Code     0  startup_stm32g071xx.o(.text)
    I2C2_IRQHandler                          0x08000173   Thumb Code     0  startup_stm32g071xx.o(.text)
    PVD_IRQHandler                           0x08000173   Thumb Code     0  startup_stm32g071xx.o(.text)
    RCC_IRQHandler                           0x08000173   Thumb Code     0  startup_stm32g071xx.o(.text)
    RTC_TAMP_IRQHandler                      0x08000173   Thumb Code     0  startup_stm32g071xx.o(.text)
    SPI1_IRQHandler                          0x08000173   Thumb Code     0  startup_stm32g071xx.o(.text)
    SPI2_IRQHandler                          0x08000173   Thumb Code     0  startup_stm32g071xx.o(.text)
    TIM14_IRQHandler                         0x08000173   Thumb Code     0  startup_stm32g071xx.o(.text)
    TIM15_IRQHandler                         0x08000173   Thumb Code     0  startup_stm32g071xx.o(.text)
    TIM16_IRQHandler                         0x08000173   Thumb Code     0  startup_stm32g071xx.o(.text)
    TIM17_IRQHandler                         0x08000173   Thumb Code     0  startup_stm32g071xx.o(.text)
    TIM1_BRK_UP_TRG_COM_IRQHandler           0x08000173   Thumb Code     0  startup_stm32g071xx.o(.text)
    TIM1_CC_IRQHandler                       0x08000173   Thumb Code     0  startup_stm32g071xx.o(.text)
    TIM2_IRQHandler                          0x08000173   Thumb Code     0  startup_stm32g071xx.o(.text)
    TIM3_IRQHandler                          0x08000173   Thumb Code     0  startup_stm32g071xx.o(.text)
    TIM6_DAC_LPTIM1_IRQHandler               0x08000173   Thumb Code     0  startup_stm32g071xx.o(.text)
    TIM7_LPTIM2_IRQHandler                   0x08000173   Thumb Code     0  startup_stm32g071xx.o(.text)
    UCPD1_2_IRQHandler                       0x08000173   Thumb Code     0  startup_stm32g071xx.o(.text)
    USART1_IRQHandler                        0x08000173   Thumb Code     0  startup_stm32g071xx.o(.text)
    USART2_IRQHandler                        0x08000173   Thumb Code     0  startup_stm32g071xx.o(.text)
    USART3_4_LPUART1_IRQHandler              0x08000173   Thumb Code     0  startup_stm32g071xx.o(.text)
    WWDG_IRQHandler                          0x08000173   Thumb Code     0  startup_stm32g071xx.o(.text)
    __user_initial_stackheap                 0x08000175   Thumb Code     0  startup_stm32g071xx.o(.text)
    _memset_w                                0x08000199   Thumb Code    26  rt_memclr.o(.text)
    _memset                                  0x080001b3   Thumb Code    30  rt_memclr.o(.text)
    __aeabi_memclr                           0x080001d1   Thumb Code     4  rt_memclr.o(.text)
    __rt_memclr                              0x080001d1   Thumb Code     0  rt_memclr.o(.text)
    __aeabi_memclr4                          0x080001d5   Thumb Code     0  rt_memclr.o(.text)
    __aeabi_memclr8                          0x080001d5   Thumb Code     0  rt_memclr.o(.text)
    __rt_memclr_w                            0x080001d5   Thumb Code     4  rt_memclr.o(.text)
    __aeabi_uidiv                            0x080001d9   Thumb Code     0  aeabi_sdiv.o(.text)
    __aeabi_uidivmod                         0x080001d9   Thumb Code    20  aeabi_sdiv.o(.text)
    __aeabi_idiv                             0x080001ed   Thumb Code     0  aeabi_sdiv.o(.text)
    __aeabi_idivmod                          0x080001ed   Thumb Code   326  aeabi_sdiv.o(.text)
    __use_two_region_memory                  0x08000333   Thumb Code     2  heapauxi.o(.text)
    __rt_heap_escrow$2region                 0x08000335   Thumb Code     2  heapauxi.o(.text)
    __rt_heap_expand$2region                 0x08000337   Thumb Code     2  heapauxi.o(.text)
    __user_setup_stackheap                   0x08000339   Thumb Code    62  sys_stackheap_outer.o(.text)
    exit                                     0x08000377   Thumb Code    16  exit.o(.text)
    __user_libspace                          0x08000389   Thumb Code     8  libspace.o(.text)
    __user_perproc_libspace                  0x08000389   Thumb Code     0  libspace.o(.text)
    __user_perthread_libspace                0x08000389   Thumb Code     0  libspace.o(.text)
    _sys_exit                                0x08000391   Thumb Code     8  sys_exit.o(.text)
    __I$use$semihosting                      0x0800039d   Thumb Code     0  use_no_semi.o(.text)
    __use_no_semihosting_swi                 0x0800039d   Thumb Code     2  use_no_semi.o(.text)
    EXTI0_1_IRQHandler                       0x0800039f   Thumb Code    10  stm32g0xx_it.o(i.EXTI0_1_IRQHandler)
    __semihosting_library_function           0x0800039f   Thumb Code     0  indicate_semi.o(.text)
    EXTI4_15_IRQHandler                      0x080003a9   Thumb Code    32  stm32g0xx_it.o(i.EXTI4_15_IRQHandler)
    Error_Handler                            0x080003c9   Thumb Code     4  main.o(i.Error_Handler)
    Get_Fan_RPM                              0x080003cd   Thumb Code     8  main.o(i.Get_Fan_RPM)
    Get_Flow_Sensor_Rate                     0x080003d5   Thumb Code    20  main.o(i.Get_Flow_Sensor_Rate)
    HAL_Delay                                0x080003ed   Thumb Code    32  stm32g0xx_hal.o(i.HAL_Delay)
    HAL_GPIO_EXTI_Falling_Callback           0x08000411   Thumb Code     2  stm32g0xx_hal_gpio.o(i.HAL_GPIO_EXTI_Falling_Callback)
    HAL_GPIO_EXTI_IRQHandler                 0x08000415   Thumb Code    36  stm32g0xx_hal_gpio.o(i.HAL_GPIO_EXTI_IRQHandler)
    HAL_GPIO_EXTI_Rising_Callback            0x0800043d   Thumb Code    72  main.o(i.HAL_GPIO_EXTI_Rising_Callback)
    HAL_GPIO_Init                            0x08000489   Thumb Code   330  stm32g0xx_hal_gpio.o(i.HAL_GPIO_Init)
    HAL_GPIO_WritePin                        0x080005e5   Thumb Code    12  stm32g0xx_hal_gpio.o(i.HAL_GPIO_WritePin)
    HAL_GetTick                              0x080005f1   Thumb Code     6  stm32g0xx_hal.o(i.HAL_GetTick)
    HAL_IncTick                              0x080005fd   Thumb Code    12  stm32g0xx_hal.o(i.HAL_IncTick)
    HAL_Init                                 0x0800060d   Thumb Code    36  stm32g0xx_hal.o(i.HAL_Init)
    HAL_InitTick                             0x08000635   Thumb Code    64  stm32g0xx_hal.o(i.HAL_InitTick)
    HAL_MspInit                              0x0800067d   Thumb Code    46  stm32g0xx_hal_msp.o(i.HAL_MspInit)
    HAL_NVIC_EnableIRQ                       0x080006b1   Thumb Code    18  stm32g0xx_hal_cortex.o(i.HAL_NVIC_EnableIRQ)
    HAL_NVIC_SetPriority                     0x080006c9   Thumb Code     8  stm32g0xx_hal_cortex.o(i.HAL_NVIC_SetPriority)
    HAL_PWREx_ControlVoltageScaling          0x080006d1   Thumb Code    62  stm32g0xx_hal_pwr_ex.o(i.HAL_PWREx_ControlVoltageScaling)
    HAL_RCCEx_PeriphCLKConfig                0x0800071d   Thumb Code   460  stm32g0xx_hal_rcc_ex.o(i.HAL_RCCEx_PeriphCLKConfig)
    HAL_RCC_ClockConfig                      0x080008fd   Thumb Code   318  stm32g0xx_hal_rcc.o(i.HAL_RCC_ClockConfig)
    HAL_RCC_GetSysClockFreq                  0x08000a55   Thumb Code   130  stm32g0xx_hal_rcc.o(i.HAL_RCC_GetSysClockFreq)
    HAL_RCC_OscConfig                        0x08000ae1   Thumb Code   962  stm32g0xx_hal_rcc.o(i.HAL_RCC_OscConfig)
    HAL_SYSCFG_StrobeDBattpinsConfig         0x08000ec9   Thumb Code    16  stm32g0xx_hal.o(i.HAL_SYSCFG_StrobeDBattpinsConfig)
    HAL_SYSTICK_Config                       0x08000edd   Thumb Code    38  stm32g0xx_hal_cortex.o(i.HAL_SYSTICK_Config)
    HAL_TIMEx_ConfigBreakDeadTime            0x08000f0d   Thumb Code   168  stm32g0xx_hal_tim_ex.o(i.HAL_TIMEx_ConfigBreakDeadTime)
    HAL_TIMEx_MasterConfigSynchronization    0x08000fb9   Thumb Code   104  stm32g0xx_hal_tim_ex.o(i.HAL_TIMEx_MasterConfigSynchronization)
    HAL_TIM_Base_Init                        0x0800102d   Thumb Code    76  stm32g0xx_hal_tim.o(i.HAL_TIM_Base_Init)
    HAL_TIM_Base_MspInit                     0x08001079   Thumb Code    28  stm32g0xx_hal_msp.o(i.HAL_TIM_Base_MspInit)
    HAL_TIM_MspPostInit                      0x0800109d   Thumb Code   176  stm32g0xx_hal_msp.o(i.HAL_TIM_MspPostInit)
    HAL_TIM_PWM_ConfigChannel                0x08001161   Thumb Code   296  stm32g0xx_hal_tim.o(i.HAL_TIM_PWM_ConfigChannel)
    HAL_TIM_PWM_Init                         0x08001289   Thumb Code    76  stm32g0xx_hal_tim.o(i.HAL_TIM_PWM_Init)
    HAL_TIM_PWM_MspInit                      0x080012d5   Thumb Code   114  stm32g0xx_hal_msp.o(i.HAL_TIM_PWM_MspInit)
    HAL_TIM_PWM_Start                        0x08001355   Thumb Code   188  stm32g0xx_hal_tim.o(i.HAL_TIM_PWM_Start)
    HardFault_Handler                        0x08001429   Thumb Code     2  stm32g0xx_it.o(i.HardFault_Handler)
    NMI_Handler                              0x080016c5   Thumb Code     2  stm32g0xx_it.o(i.NMI_Handler)
    PendSV_Handler                           0x080016c7   Thumb Code     2  stm32g0xx_it.o(i.PendSV_Handler)
    SVC_Handler                              0x080016c9   Thumb Code     2  stm32g0xx_it.o(i.SVC_Handler)
    SysTick_Handler                          0x080016cb   Thumb Code     8  stm32g0xx_it.o(i.SysTick_Handler)
    SystemClock_Config                       0x080016d3   Thumb Code    90  main.o(i.SystemClock_Config)
    SystemInit                               0x0800172d   Thumb Code     2  system_stm32g0xx.o(i.SystemInit)
    TIM_Base_SetConfig                       0x08001731   Thumb Code   124  stm32g0xx_hal_tim.o(i.TIM_Base_SetConfig)
    TIM_CCxChannelCmd                        0x080017c5   Thumb Code    26  stm32g0xx_hal_tim.o(i.TIM_CCxChannelCmd)
    TIM_OC2_SetConfig                        0x0800186d   Thumb Code   112  stm32g0xx_hal_tim.o(i.TIM_OC2_SetConfig)
    main                                     0x08001b01   Thumb Code   168  main.o(i.main)
    AHBPrescTable                            0x08001bc0   Data          64  system_stm32g0xx.o(.constdata)
    Region$$Table$$Base                      0x08001c00   Number         0  anon$$obj.o(Region$$Table)
    Region$$Table$$Limit                     0x08001c20   Number         0  anon$$obj.o(Region$$Table)
    flow_sensor_coefficient                  0x20000000   Data           1  main.o(.data)
    pump_pwm_value                           0x20000002   Data           2  main.o(.data)
    fan1_pwm_value                           0x20000004   Data           2  main.o(.data)
    fan2_pwm_value                           0x20000006   Data           2  main.o(.data)
    fan3_pwm_value                           0x20000008   Data           2  main.o(.data)
    flow_sensor_counter                      0x2000000a   Data           2  main.o(.data)
    pump_counter                             0x2000000c   Data           2  main.o(.data)
    fan1_counter                             0x2000000e   Data           2  main.o(.data)
    fan2_counter                             0x20000010   Data           2  main.o(.data)
    fan3_counter                             0x20000012   Data           2  main.o(.data)
    flow_sensor_rate                         0x20000014   Data           2  main.o(.data)
    pump_rpm                                 0x20000016   Data           2  main.o(.data)
    fan1_rpm                                 0x20000018   Data           2  main.o(.data)
    fan2_rpm                                 0x2000001a   Data           2  main.o(.data)
    fan3_rpm                                 0x2000001c   Data           2  main.o(.data)
    uwTickFreq                               0x20000020   Data           1  stm32g0xx_hal.o(.data)
    uwTickPrio                               0x20000024   Data           4  stm32g0xx_hal.o(.data)
    uwTick                                   0x20000028   Data           4  stm32g0xx_hal.o(.data)
    SystemCoreClock                          0x2000002c   Data           4  system_stm32g0xx.o(.data)
    htim2                                    0x20000030   Data          76  main.o(.bss)
    htim3                                    0x2000007c   Data          76  main.o(.bss)
    htim14                                   0x200000c8   Data          76  main.o(.bss)
    htim15                                   0x20000114   Data          76  main.o(.bss)
    __libspace_start                         0x20000160   Data          96  libspace.o(.bss)
    __temporary_stack_top$libspace           0x200001c0   Data           0  libspace.o(.bss)



==============================================================================

Memory Map of the image

  Image Entry point : 0x080000bd

  Load Region LR_IROM1 (Base: 0x08000000, Size: 0x00001c50, Max: 0x00020000, ABSOLUTE)

    Execution Region ER_IROM1 (Exec base: 0x08000000, Load base: 0x08000000, Size: 0x00001c20, Max: 0x00020000, ABSOLUTE)

    Exec Addr    Load Addr    Size         Type   Attr      Idx    E Section Name        Object

    0x08000000   0x08000000   0x000000bc   Data   RO            3    RESET               startup_stm32g071xx.o
    0x080000bc   0x080000bc   0x00000008   Code   RO         2594  * !!!main             c_p.l(__main.o)
    0x080000c4   0x080000c4   0x0000003c   Code   RO         2765    !!!scatter          c_p.l(__scatter.o)
    0x08000100   0x08000100   0x0000001a   Code   RO         2767    !!handler_copy      c_p.l(__scatter_copy.o)
    0x0800011a   0x0800011a   0x00000002   PAD
    0x0800011c   0x0800011c   0x0000001c   Code   RO         2769    !!handler_zi        c_p.l(__scatter_zi.o)
    0x08000138   0x08000138   0x00000002   Code   RO         2632    .ARM.Collect$$libinit$$00000000  c_p.l(libinit.o)
    0x0800013a   0x0800013a   0x00000000   Code   RO         2646    .ARM.Collect$$libinit$$00000002  c_p.l(libinit2.o)
    0x0800013a   0x0800013a   0x00000000   Code   RO         2648    .ARM.Collect$$libinit$$00000004  c_p.l(libinit2.o)
    0x0800013a   0x0800013a   0x00000000   Code   RO         2651    .ARM.Collect$$libinit$$0000000A  c_p.l(libinit2.o)
    0x0800013a   0x0800013a   0x00000000   Code   RO         2653    .ARM.Collect$$libinit$$0000000C  c_p.l(libinit2.o)
    0x0800013a   0x0800013a   0x00000000   Code   RO         2655    .ARM.Collect$$libinit$$0000000E  c_p.l(libinit2.o)
    0x0800013a   0x0800013a   0x00000000   Code   RO         2658    .ARM.Collect$$libinit$$00000011  c_p.l(libinit2.o)
    0x0800013a   0x0800013a   0x00000000   Code   RO         2660    .ARM.Collect$$libinit$$00000013  c_p.l(libinit2.o)
    0x0800013a   0x0800013a   0x00000000   Code   RO         2662    .ARM.Collect$$libinit$$00000015  c_p.l(libinit2.o)
    0x0800013a   0x0800013a   0x00000000   Code   RO         2664    .ARM.Collect$$libinit$$00000017  c_p.l(libinit2.o)
    0x0800013a   0x0800013a   0x00000000   Code   RO         2666    .ARM.Collect$$libinit$$00000019  c_p.l(libinit2.o)
    0x0800013a   0x0800013a   0x00000000   Code   RO         2668    .ARM.Collect$$libinit$$0000001B  c_p.l(libinit2.o)
    0x0800013a   0x0800013a   0x00000000   Code   RO         2670    .ARM.Collect$$libinit$$0000001D  c_p.l(libinit2.o)
    0x0800013a   0x0800013a   0x00000000   Code   RO         2672    .ARM.Collect$$libinit$$0000001F  c_p.l(libinit2.o)
    0x0800013a   0x0800013a   0x00000000   Code   RO         2674    .ARM.Collect$$libinit$$00000021  c_p.l(libinit2.o)
    0x0800013a   0x0800013a   0x00000000   Code   RO         2676    .ARM.Collect$$libinit$$00000023  c_p.l(libinit2.o)
    0x0800013a   0x0800013a   0x00000000   Code   RO         2678    .ARM.Collect$$libinit$$00000025  c_p.l(libinit2.o)
    0x0800013a   0x0800013a   0x00000000   Code   RO         2682    .ARM.Collect$$libinit$$0000002C  c_p.l(libinit2.o)
    0x0800013a   0x0800013a   0x00000000   Code   RO         2684    .ARM.Collect$$libinit$$0000002E  c_p.l(libinit2.o)
    0x0800013a   0x0800013a   0x00000000   Code   RO         2686    .ARM.Collect$$libinit$$00000030  c_p.l(libinit2.o)
    0x0800013a   0x0800013a   0x00000000   Code   RO         2688    .ARM.Collect$$libinit$$00000032  c_p.l(libinit2.o)
    0x0800013a   0x0800013a   0x00000002   Code   RO         2689    .ARM.Collect$$libinit$$00000033  c_p.l(libinit2.o)
    0x0800013c   0x0800013c   0x00000002   Code   RO         2720    .ARM.Collect$$libshutdown$$00000000  c_p.l(libshutdown.o)
    0x0800013e   0x0800013e   0x00000000   Code   RO         2746    .ARM.Collect$$libshutdown$$00000002  c_p.l(libshutdown2.o)
    0x0800013e   0x0800013e   0x00000000   Code   RO         2748    .ARM.Collect$$libshutdown$$00000004  c_p.l(libshutdown2.o)
    0x0800013e   0x0800013e   0x00000000   Code   RO         2750    .ARM.Collect$$libshutdown$$00000006  c_p.l(libshutdown2.o)
    0x0800013e   0x0800013e   0x00000000   Code   RO         2753    .ARM.Collect$$libshutdown$$00000009  c_p.l(libshutdown2.o)
    0x0800013e   0x0800013e   0x00000000   Code   RO         2756    .ARM.Collect$$libshutdown$$0000000C  c_p.l(libshutdown2.o)
    0x0800013e   0x0800013e   0x00000000   Code   RO         2758    .ARM.Collect$$libshutdown$$0000000E  c_p.l(libshutdown2.o)
    0x0800013e   0x0800013e   0x00000000   Code   RO         2761    .ARM.Collect$$libshutdown$$00000011  c_p.l(libshutdown2.o)
    0x0800013e   0x0800013e   0x00000002   Code   RO         2762    .ARM.Collect$$libshutdown$$00000012  c_p.l(libshutdown2.o)
    0x08000140   0x08000140   0x00000000   Code   RO         2596    .ARM.Collect$$rtentry$$00000000  c_p.l(__rtentry.o)
    0x08000140   0x08000140   0x00000000   Code   RO         2602    .ARM.Collect$$rtentry$$00000002  c_p.l(__rtentry2.o)
    0x08000140   0x08000140   0x00000006   Code   RO         2614    .ARM.Collect$$rtentry$$00000004  c_p.l(__rtentry4.o)
    0x08000146   0x08000146   0x00000000   Code   RO         2604    .ARM.Collect$$rtentry$$00000009  c_p.l(__rtentry2.o)
    0x08000146   0x08000146   0x00000004   Code   RO         2605    .ARM.Collect$$rtentry$$0000000A  c_p.l(__rtentry2.o)
    0x0800014a   0x0800014a   0x00000000   Code   RO         2607    .ARM.Collect$$rtentry$$0000000C  c_p.l(__rtentry2.o)
    0x0800014a   0x0800014a   0x00000008   Code   RO         2608    .ARM.Collect$$rtentry$$0000000D  c_p.l(__rtentry2.o)
    0x08000152   0x08000152   0x00000002   Code   RO         2637    .ARM.Collect$$rtexit$$00000000  c_p.l(rtexit.o)
    0x08000154   0x08000154   0x00000000   Code   RO         2693    .ARM.Collect$$rtexit$$00000002  c_p.l(rtexit2.o)
    0x08000154   0x08000154   0x00000004   Code   RO         2694    .ARM.Collect$$rtexit$$00000003  c_p.l(rtexit2.o)
    0x08000158   0x08000158   0x00000006   Code   RO         2695    .ARM.Collect$$rtexit$$00000004  c_p.l(rtexit2.o)
    0x0800015e   0x0800015e   0x00000002   PAD
    0x08000160   0x08000160   0x00000038   Code   RO            4    .text               startup_stm32g071xx.o
    0x08000198   0x08000198   0x00000040   Code   RO         2586    .text               c_p.l(rt_memclr.o)
    0x080001d8   0x080001d8   0x0000015a   Code   RO         2588    .text               c_p.l(aeabi_sdiv.o)
    0x08000332   0x08000332   0x00000006   Code   RO         2592    .text               c_p.l(heapauxi.o)
    0x08000338   0x08000338   0x0000003e   Code   RO         2618    .text               c_p.l(sys_stackheap_outer.o)
    0x08000376   0x08000376   0x00000010   Code   RO         2621    .text               c_p.l(exit.o)
    0x08000386   0x08000386   0x00000002   PAD
    0x08000388   0x08000388   0x00000008   Code   RO         2633    .text               c_p.l(libspace.o)
    0x08000390   0x08000390   0x0000000c   Code   RO         2690    .text               c_p.l(sys_exit.o)
    0x0800039c   0x0800039c   0x00000002   Code   RO         2709    .text               c_p.l(use_no_semi.o)
    0x0800039e   0x0800039e   0x00000000   Code   RO         2711    .text               c_p.l(indicate_semi.o)
    0x0800039e   0x0800039e   0x0000000a   Code   RO          189    i.EXTI0_1_IRQHandler  stm32g0xx_it.o
    0x080003a8   0x080003a8   0x00000020   Code   RO          190    i.EXTI4_15_IRQHandler  stm32g0xx_it.o
    0x080003c8   0x080003c8   0x00000004   Code   RO           12    i.Error_Handler     main.o
    0x080003cc   0x080003cc   0x00000008   Code   RO           13    i.Get_Fan_RPM       main.o
    0x080003d4   0x080003d4   0x00000018   Code   RO           14    i.Get_Flow_Sensor_Rate  main.o
    0x080003ec   0x080003ec   0x00000024   Code   RO         2271    i.HAL_Delay         stm32g0xx_hal.o
    0x08000410   0x08000410   0x00000002   Code   RO         1677    i.HAL_GPIO_EXTI_Falling_Callback  stm32g0xx_hal_gpio.o
    0x08000412   0x08000412   0x00000002   PAD
    0x08000414   0x08000414   0x00000028   Code   RO         1678    i.HAL_GPIO_EXTI_IRQHandler  stm32g0xx_hal_gpio.o
    0x0800043c   0x0800043c   0x0000004c   Code   RO           15    i.HAL_GPIO_EXTI_Rising_Callback  main.o
    0x08000488   0x08000488   0x0000015c   Code   RO         1680    i.HAL_GPIO_Init     stm32g0xx_hal_gpio.o
    0x080005e4   0x080005e4   0x0000000c   Code   RO         1684    i.HAL_GPIO_WritePin  stm32g0xx_hal_gpio.o
    0x080005f0   0x080005f0   0x0000000c   Code   RO         2275    i.HAL_GetTick       stm32g0xx_hal.o
    0x080005fc   0x080005fc   0x00000010   Code   RO         2281    i.HAL_IncTick       stm32g0xx_hal.o
    0x0800060c   0x0800060c   0x00000028   Code   RO         2282    i.HAL_Init          stm32g0xx_hal.o
    0x08000634   0x08000634   0x00000048   Code   RO         2283    i.HAL_InitTick      stm32g0xx_hal.o
    0x0800067c   0x0800067c   0x00000034   Code   RO          248    i.HAL_MspInit       stm32g0xx_hal_msp.o
    0x080006b0   0x080006b0   0x00000018   Code   RO         2159    i.HAL_NVIC_EnableIRQ  stm32g0xx_hal_cortex.o
    0x080006c8   0x080006c8   0x00000008   Code   RO         2163    i.HAL_NVIC_SetPriority  stm32g0xx_hal_cortex.o
    0x080006d0   0x080006d0   0x0000004c   Code   RO         1979    i.HAL_PWREx_ControlVoltageScaling  stm32g0xx_hal_pwr_ex.o
    0x0800071c   0x0800071c   0x000001e0   Code   RO         1428    i.HAL_RCCEx_PeriphCLKConfig  stm32g0xx_hal_rcc_ex.o
    0x080008fc   0x080008fc   0x00000158   Code   RO         1312    i.HAL_RCC_ClockConfig  stm32g0xx_hal_rcc.o
    0x08000a54   0x08000a54   0x0000008c   Code   RO         1322    i.HAL_RCC_GetSysClockFreq  stm32g0xx_hal_rcc.o
    0x08000ae0   0x08000ae0   0x000003e8   Code   RO         1326    i.HAL_RCC_OscConfig  stm32g0xx_hal_rcc.o
    0x08000ec8   0x08000ec8   0x00000014   Code   RO         2293    i.HAL_SYSCFG_StrobeDBattpinsConfig  stm32g0xx_hal.o
    0x08000edc   0x08000edc   0x00000030   Code   RO         2167    i.HAL_SYSTICK_Config  stm32g0xx_hal_cortex.o
    0x08000f0c   0x08000f0c   0x000000ac   Code   RO         1016    i.HAL_TIMEx_ConfigBreakDeadTime  stm32g0xx_hal_tim_ex.o
    0x08000fb8   0x08000fb8   0x00000074   Code   RO         1035    i.HAL_TIMEx_MasterConfigSynchronization  stm32g0xx_hal_tim_ex.o
    0x0800102c   0x0800102c   0x0000004c   Code   RO          300    i.HAL_TIM_Base_Init  stm32g0xx_hal_tim.o
    0x08001078   0x08001078   0x00000024   Code   RO          250    i.HAL_TIM_Base_MspInit  stm32g0xx_hal_msp.o
    0x0800109c   0x0800109c   0x000000c4   Code   RO          251    i.HAL_TIM_MspPostInit  stm32g0xx_hal_msp.o
    0x08001160   0x08001160   0x00000128   Code   RO          372    i.HAL_TIM_PWM_ConfigChannel  stm32g0xx_hal_tim.o
    0x08001288   0x08001288   0x0000004c   Code   RO          375    i.HAL_TIM_PWM_Init  stm32g0xx_hal_tim.o
    0x080012d4   0x080012d4   0x00000080   Code   RO          253    i.HAL_TIM_PWM_MspInit  stm32g0xx_hal_msp.o
    0x08001354   0x08001354   0x000000d4   Code   RO          380    i.HAL_TIM_PWM_Start  stm32g0xx_hal_tim.o
    0x08001428   0x08001428   0x00000002   Code   RO          191    i.HardFault_Handler  stm32g0xx_it.o
    0x0800142a   0x0800142a   0x00000002   PAD
    0x0800142c   0x0800142c   0x000000a0   Code   RO           16    i.MX_GPIO_Init      main.o
    0x080014cc   0x080014cc   0x00000068   Code   RO           17    i.MX_TIM14_Init     main.o
    0x08001534   0x08001534   0x000000a8   Code   RO           18    i.MX_TIM15_Init     main.o
    0x080015dc   0x080015dc   0x00000074   Code   RO           19    i.MX_TIM2_Init      main.o
    0x08001650   0x08001650   0x00000074   Code   RO           20    i.MX_TIM3_Init      main.o
    0x080016c4   0x080016c4   0x00000002   Code   RO          192    i.NMI_Handler       stm32g0xx_it.o
    0x080016c6   0x080016c6   0x00000002   Code   RO          193    i.PendSV_Handler    stm32g0xx_it.o
    0x080016c8   0x080016c8   0x00000002   Code   RO          194    i.SVC_Handler       stm32g0xx_it.o
    0x080016ca   0x080016ca   0x00000008   Code   RO          195    i.SysTick_Handler   stm32g0xx_it.o
    0x080016d2   0x080016d2   0x0000005a   Code   RO           21    i.SystemClock_Config  main.o
    0x0800172c   0x0800172c   0x00000002   Code   RO         2553    i.SystemInit        system_stm32g0xx.o
    0x0800172e   0x0800172e   0x00000002   PAD
    0x08001730   0x08001730   0x00000094   Code   RO          393    i.TIM_Base_SetConfig  stm32g0xx_hal_tim.o
    0x080017c4   0x080017c4   0x0000001a   Code   RO          394    i.TIM_CCxChannelCmd  stm32g0xx_hal_tim.o
    0x080017de   0x080017de   0x00000002   PAD
    0x080017e0   0x080017e0   0x0000008c   Code   RO          406    i.TIM_OC1_SetConfig  stm32g0xx_hal_tim.o
    0x0800186c   0x0800186c   0x00000084   Code   RO          407    i.TIM_OC2_SetConfig  stm32g0xx_hal_tim.o
    0x080018f0   0x080018f0   0x00000088   Code   RO          408    i.TIM_OC3_SetConfig  stm32g0xx_hal_tim.o
    0x08001978   0x08001978   0x00000074   Code   RO          409    i.TIM_OC4_SetConfig  stm32g0xx_hal_tim.o
    0x080019ec   0x080019ec   0x00000064   Code   RO          410    i.TIM_OC5_SetConfig  stm32g0xx_hal_tim.o
    0x08001a50   0x08001a50   0x0000006c   Code   RO          411    i.TIM_OC6_SetConfig  stm32g0xx_hal_tim.o
    0x08001abc   0x08001abc   0x00000044   Code   RO         2169    i.__NVIC_SetPriority  stm32g0xx_hal_cortex.o
    0x08001b00   0x08001b00   0x000000c0   Code   RO           22    i.main              main.o
    0x08001bc0   0x08001bc0   0x00000040   Data   RO         2554    .constdata          system_stm32g0xx.o
    0x08001c00   0x08001c00   0x00000020   Data   RO         2763    Region$$Table       anon$$obj.o


    Execution Region RW_IRAM1 (Exec base: 0x20000000, Load base: 0x08001c20, Size: 0x000007c0, Max: 0x00009000, ABSOLUTE)

    Exec Addr    Load Addr    Size         Type   Attr      Idx    E Section Name        Object

    0x20000000   0x08001c20   0x0000001e   Data   RW           24    .data               main.o
    0x2000001e   0x08001c3e   0x00000002   PAD
    0x20000020   0x08001c40   0x0000000c   Data   RW         2299    .data               stm32g0xx_hal.o
    0x2000002c   0x08001c4c   0x00000004   Data   RW         2556    .data               system_stm32g0xx.o
    0x20000030        -       0x00000130   Zero   RW           23    .bss                main.o
    0x20000160        -       0x00000060   Zero   RW         2634    .bss                c_p.l(libspace.o)
    0x200001c0        -       0x00000200   Zero   RW            2    HEAP                startup_stm32g071xx.o
    0x200003c0        -       0x00000400   Zero   RW            1    STACK               startup_stm32g071xx.o


==============================================================================

Image component sizes


      Code (inc. data)   RO Data    RW Data    ZI Data      Debug   Object Name

      1058         74          0         30        304     460622   main.o
        56         26        188          0       1536        616   startup_stm32g071xx.o
       196         30          0         12          0      18860   stm32g0xx_hal.o
       148         24          0          0          0      11989   stm32g0xx_hal_cortex.o
       402         22          0          0          0       2992   stm32g0xx_hal_gpio.o
       412         48          0          0          0       2945   stm32g0xx_hal_msp.o
        76         14          0          0          0        718   stm32g0xx_hal_pwr_ex.o
      1484         74          0          0          0       4322   stm32g0xx_hal_rcc.o
       480         20          0          0          0       1700   stm32g0xx_hal_rcc_ex.o
      1566        172          0          0          0       9778   stm32g0xx_hal_tim.o
       288         16          0          0          0       2208   stm32g0xx_hal_tim_ex.o
        58          0          0          0          0       2914   stm32g0xx_it.o
         2          0         64          4          0       1051   system_stm32g0xx.o

    ----------------------------------------------------------------------
      6234        520        284         48       1840     520715   Object Totals
         0          0         32          0          0          0   (incl. Generated)
         8          0          0          2          0          0   (incl. Padding)

    ----------------------------------------------------------------------

      Code (inc. data)   RO Data    RW Data    ZI Data      Debug   Library Member Name

         8          0          0          0          0         68   __main.o
         0          0          0          0          0          0   __rtentry.o
        12          0          0          0          0          0   __rtentry2.o
         6          0          0          0          0          0   __rtentry4.o
        60          8          0          0          0          0   __scatter.o
        26          0          0          0          0          0   __scatter_copy.o
        28          0          0          0          0          0   __scatter_zi.o
       346          0          0          0          0         92   aeabi_sdiv.o
        16          0          0          0          0         68   exit.o
         6          0          0          0          0        136   heapauxi.o
         0          0          0          0          0          0   indicate_semi.o
         2          0          0          0          0          0   libinit.o
         2          0          0          0          0          0   libinit2.o
         2          0          0          0          0          0   libshutdown.o
         2          0          0          0          0          0   libshutdown2.o
         8          4          0          0         96         68   libspace.o
        64          0          0          0          0        108   rt_memclr.o
         2          0          0          0          0          0   rtexit.o
        10          0          0          0          0          0   rtexit2.o
        12          4          0          0          0         60   sys_exit.o
        62          0          0          0          0         80   sys_stackheap_outer.o
         2          0          0          0          0         68   use_no_semi.o

    ----------------------------------------------------------------------
       682         16          0          0         96        748   Library Totals
         6          0          0          0          0          0   (incl. Padding)

    ----------------------------------------------------------------------

      Code (inc. data)   RO Data    RW Data    ZI Data      Debug   Library Name

       676         16          0          0         96        748   c_p.l

    ----------------------------------------------------------------------
       682         16          0          0         96        748   Library Totals

    ----------------------------------------------------------------------

==============================================================================


      Code (inc. data)   RO Data    RW Data    ZI Data      Debug   

      6916        536        284         48       1936     518943   Grand Totals
      6916        536        284         48       1936     518943   ELF Image Totals
      6916        536        284         48          0          0   ROM Totals

==============================================================================

    Total RO  Size (Code + RO Data)                 7200 (   7.03kB)
    Total RW  Size (RW Data + ZI Data)              1984 (   1.94kB)
    Total ROM Size (Code + RO Data + RW Data)       7248 (   7.08kB)

==============================================================================

